Component: ARM Compiler 5.06 update 6 (build 750) Tool: armlink [4d35ed]

==============================================================================

Section Cross References

    glcd_scroll.o(i.append_char) refers to glcd_scroll.o(i.refresh_lcd) for refresh_lcd
    glcd_scroll.o(i.append_char) refers to glcd_spi_lpc1700.o(i.GLCD_DisplayChar) for GLCD_DisplayChar
    glcd_scroll.o(i.append_char) refers to glcd_scroll.o(i.last_line) for last_line
    glcd_scroll.o(i.append_char) refers to glcd_scroll.o(.data) for last_col_cahche
    glcd_scroll.o(i.append_char) refers to glcd_scroll.o(.bss) for chache
    glcd_scroll.o(i.init_scroll) refers to glcd_spi_lpc1700.o(i.GLCD_Init) for GLCD_Init
    glcd_scroll.o(i.init_scroll) refers to glcd_spi_lpc1700.o(i.GLCD_Clear) for GLCD_Clear
    glcd_scroll.o(i.init_scroll) refers to glcd_spi_lpc1700.o(i.GLCD_SetBackColor) for GLCD_SetBackColor
    glcd_scroll.o(i.init_scroll) refers to glcd_spi_lpc1700.o(i.GLCD_SetTextColor) for GLCD_SetTextColor
    glcd_scroll.o(i.init_scroll) refers to glcd_scroll.o(.data) for cache_start
    glcd_scroll.o(i.joyStickBusyWaitingMonitor) refers to glcd_scroll.o(i.moveUp) for moveUp
    glcd_scroll.o(i.joyStickBusyWaitingMonitor) refers to glcd_scroll.o(i.moveDown) for moveDown
    glcd_scroll.o(i.joyStickBusyWaitingMonitor) refers to glcd_scroll.o(i.moveFirst) for moveFirst
    glcd_scroll.o(i.joyStickBusyWaitingMonitor) refers to glcd_scroll.o(i.moveLast) for moveLast
    glcd_scroll.o(i.last_line) refers to glcd_scroll.o(.data) for cache_start
    glcd_scroll.o(i.last_window_line) refers to glcd_scroll.o(.data) for window_start
    glcd_scroll.o(i.moveDown) refers to glcd_scroll.o(i.last_line) for last_line
    glcd_scroll.o(i.moveDown) refers to glcd_scroll.o(i.last_window_line) for last_window_line
    glcd_scroll.o(i.moveDown) refers to glcd_scroll.o(i.refresh_lcd) for refresh_lcd
    glcd_scroll.o(i.moveDown) refers to glcd_scroll.o(.data) for window_start
    glcd_scroll.o(i.moveFirst) refers to glcd_scroll.o(i.refresh_lcd) for refresh_lcd
    glcd_scroll.o(i.moveFirst) refers to glcd_scroll.o(.data) for window_start
    glcd_scroll.o(i.moveLast) refers to glcd_scroll.o(i.last_line) for last_line
    glcd_scroll.o(i.moveLast) refers to glcd_scroll.o(i.last_window_line) for last_window_line
    glcd_scroll.o(i.moveLast) refers to glcd_scroll.o(i.refresh_lcd) for refresh_lcd
    glcd_scroll.o(i.moveLast) refers to glcd_scroll.o(.data) for cache_size
    glcd_scroll.o(i.moveUp) refers to glcd_scroll.o(i.refresh_lcd) for refresh_lcd
    glcd_scroll.o(i.moveUp) refers to glcd_scroll.o(.data) for window_start
    glcd_scroll.o(i.print_string) refers to glcd_scroll.o(i.print_text) for print_text
    glcd_scroll.o(i.print_text) refers to glcd_scroll.o(i.append_char) for append_char
    glcd_scroll.o(i.refresh_lcd) refers to glcd_spi_lpc1700.o(i.GLCD_Clear) for GLCD_Clear
    glcd_scroll.o(i.refresh_lcd) refers to glcd_spi_lpc1700.o(i.GLCD_DisplayString) for GLCD_DisplayString
    glcd_scroll.o(i.refresh_lcd) refers to glcd_scroll.o(.data) for window_start
    glcd_scroll.o(i.refresh_lcd) refers to glcd_scroll.o(.bss) for chache
    glcd_spi_lpc1700.o(i.GLCD_Bargraph) refers to glcd_spi_lpc1700.o(i.GLCD_SetWindow) for GLCD_SetWindow
    glcd_spi_lpc1700.o(i.GLCD_Bargraph) refers to glcd_spi_lpc1700.o(i.wr_cmd) for wr_cmd
    glcd_spi_lpc1700.o(i.GLCD_Bargraph) refers to glcd_spi_lpc1700.o(i.wr_dat_start) for wr_dat_start
    glcd_spi_lpc1700.o(i.GLCD_Bargraph) refers to glcd_spi_lpc1700.o(i.wr_dat_only) for wr_dat_only
    glcd_spi_lpc1700.o(i.GLCD_Bargraph) refers to glcd_spi_lpc1700.o(i.wr_dat_stop) for wr_dat_stop
    glcd_spi_lpc1700.o(i.GLCD_Bargraph) refers to glcd_spi_lpc1700.o(.data) for Color
    glcd_spi_lpc1700.o(i.GLCD_Bitmap) refers to glcd_spi_lpc1700.o(i.GLCD_SetWindow) for GLCD_SetWindow
    glcd_spi_lpc1700.o(i.GLCD_Bitmap) refers to glcd_spi_lpc1700.o(i.wr_cmd) for wr_cmd
    glcd_spi_lpc1700.o(i.GLCD_Bitmap) refers to glcd_spi_lpc1700.o(i.wr_dat_start) for wr_dat_start
    glcd_spi_lpc1700.o(i.GLCD_Bitmap) refers to glcd_spi_lpc1700.o(i.wr_dat_only) for wr_dat_only
    glcd_spi_lpc1700.o(i.GLCD_Bitmap) refers to glcd_spi_lpc1700.o(i.wr_dat_stop) for wr_dat_stop
    glcd_spi_lpc1700.o(i.GLCD_Clear) refers to glcd_spi_lpc1700.o(i.GLCD_WindowMax) for GLCD_WindowMax
    glcd_spi_lpc1700.o(i.GLCD_Clear) refers to glcd_spi_lpc1700.o(i.wr_cmd) for wr_cmd
    glcd_spi_lpc1700.o(i.GLCD_Clear) refers to glcd_spi_lpc1700.o(i.wr_dat_start) for wr_dat_start
    glcd_spi_lpc1700.o(i.GLCD_Clear) refers to glcd_spi_lpc1700.o(i.wr_dat_only) for wr_dat_only
    glcd_spi_lpc1700.o(i.GLCD_Clear) refers to glcd_spi_lpc1700.o(i.wr_dat_stop) for wr_dat_stop
    glcd_spi_lpc1700.o(i.GLCD_ClearLn) refers to glcd_spi_lpc1700.o(i.GLCD_WindowMax) for GLCD_WindowMax
    glcd_spi_lpc1700.o(i.GLCD_ClearLn) refers to glcd_spi_lpc1700.o(i.GLCD_DisplayString) for GLCD_DisplayString
[...]
    Removing os_systick.o(.ARM.exidx.text.OS_Tick_Disable), (8 bytes).
    Removing os_systick.o(.ARM.exidx.text.OS_Tick_AcknowledgeIRQ), (8 bytes).
    Removing os_systick.o(.ARM.exidx.text.OS_Tick_GetIRQn), (8 bytes).
    Removing os_systick.o(.text.OS_Tick_GetClock), (12 bytes).
    Removing os_systick.o(.ARM.exidx.text.OS_Tick_GetClock), (8 bytes).
    Removing os_systick.o(.text.OS_Tick_GetInterval), (12 bytes).
    Removing os_systick.o(.ARM.exidx.text.OS_Tick_GetInterval), (8 bytes).
    Removing os_systick.o(.text.OS_Tick_GetCount), (16 bytes).
    Removing os_systick.o(.ARM.exidx.text.OS_Tick_GetCount), (8 bytes).
    Removing os_systick.o(.text.OS_Tick_GetOverflow), (16 bytes).
    Removing os_systick.o(.ARM.exidx.text.OS_Tick_GetOverflow), (8 bytes).
    Removing dadd.o(.text), (334 bytes).
    Removing dmul.o(.text), (228 bytes).
    Removing ddiv.o(.text), (222 bytes).
    Removing dfixul.o(.text), (48 bytes).
    Removing cdrcmple.o(.text), (48 bytes).
    Removing depilogue.o(.text), (186 bytes).

391 unused section(s) (total 11107 bytes) removed from the image.

==============================================================================

Image Symbol Table

    Local Symbols

    Symbol Name                              Value     Ov Type        Size  Object(Section)

    RESET                                    0x00000000   Section      204  startup_lpc17xx.o(RESET)
    ../clib/../cmprslib/zerorunl2.c          0x00000000   Number         0  __dczerorl2.o ABSOLUTE
    ../clib/microlib/division.c              0x00000000   Number         0  uldiv.o ABSOLUTE
    ../clib/microlib/division.c              0x00000000   Number         0  uidiv.o ABSOLUTE
    ../clib/microlib/init/entry.s            0x00000000   Number         0  entry.o ABSOLUTE
    ../clib/microlib/init/entry.s            0x00000000   Number         0  entry11b.o ABSOLUTE
    ../clib/microlib/init/entry.s            0x00000000   Number         0  entry2.o ABSOLUTE
    ../clib/microlib/init/entry.s            0x00000000   Number         0  entry11a.o ABSOLUTE
    ../clib/microlib/init/entry.s            0x00000000   Number         0  entry10b.o ABSOLUTE
    ../clib/microlib/init/entry.s            0x00000000   Number         0  entry5.o ABSOLUTE
    ../clib/microlib/init/entry.s            0x00000000   Number         0  entry10a.o ABSOLUTE
    ../clib/microlib/init/entry.s            0x00000000   Number         0  entry9b.o ABSOLUTE
    ../clib/microlib/init/entry.s            0x00000000   Number         0  entry9a.o ABSOLUTE
    ../clib/microlib/init/entry.s            0x00000000   Number         0  entry8b.o ABSOLUTE
    ../clib/microlib/init/entry.s            0x00000000   Number         0  entry8a.o ABSOLUTE
    ../clib/microlib/init/entry.s            0x00000000   Number         0  entry7b.o ABSOLUTE
    ../clib/microlib/init/entry.s            0x00000000   Number         0  entry7a.o ABSOLUTE
    ../clib/microlib/longlong.c              0x00000000   Number         0  llsshr.o ABSOLUTE
    ../clib/microlib/longlong.c              0x00000000   Number         0  llushr.o ABSOLUTE
    ../clib/microlib/longlong.c              0x00000000   Number         0  llshl.o ABSOLUTE
    ../clib/microlib/malloc/malloc.c         0x00000000   Number         0  mallocra.o ABSOLUTE
    ../clib/microlib/malloc/malloc.c         0x00000000   Number         0  malloca.o ABSOLUTE
    ../clib/microlib/malloc/malloc.c         0x00000000   Number         0  mallocr.o ABSOLUTE
    ../clib/microlib/malloc/malloc.c         0x00000000   Number         0  malloc.o ABSOLUTE
    ../clib/microlib/malloc/mvars.c          0x00000000   Number         0  mvars.o ABSOLUTE
    ../clib/microlib/printf/printf.c         0x00000000   Number         0  printf4.o ABSOLUTE
    ../clib/microlib/printf/printf.c         0x00000000   Number         0  printfa.o ABSOLUTE
    ../clib/microlib/printf/printf.c         0x00000000   Number         0  printf7.o ABSOLUTE
    ../clib/microlib/printf/printf.c         0x00000000   Number         0  printf6.o ABSOLUTE
    ../clib/microlib/printf/printf.c         0x00000000   Number         0  printf5.o ABSOLUTE
    ../clib/microlib/printf/printf.c         0x00000000   Number         0  printf3.o ABSOLUTE
    ../clib/microlib/printf/printf.c         0x00000000   Number         0  printf2.o ABSOLUTE
    ../clib/microlib/printf/printf.c         0x00000000   Number         0  printf8.o ABSOLUTE
    ../clib/microlib/printf/printf.c         0x00000000   Number         0  printf1.o ABSOLUTE
    ../clib/microlib/printf/printf.c         0x00000000   Number         0  printf0.o ABSOLUTE
    ../clib/microlib/printf/printf.c         0x00000000   Number         0  printfb.o ABSOLUTE
    ../clib/microlib/string/memcpy.c         0x00000000   Number         0  memcpyb.o ABSOLUTE
    ../clib/microlib/string/memcpy.c         0x00000000   Number         0  memcpya.o ABSOLUTE
    ../clib/microlib/string/memset.c         0x00000000   Number         0  memseta.o ABSOLUTE
    ../clib/microlib/stubs.s                 0x00000000   Number         0  iusefp.o ABSOLUTE
    ../fplib/microlib/fpadd.c                0x00000000   Number         0  dadd.o ABSOLUTE
    ../fplib/microlib/fpdiv.c                0x00000000   Number         0  ddiv.o ABSOLUTE
    ../fplib/microlib/fpepilogue.c           0x00000000   Number         0  depilogue.o ABSOLUTE
    ../fplib/microlib/fpfix.c                0x00000000   Number         0  dfixul.o ABSOLUTE
    ../fplib/microlib/fpmul.c                0x00000000   Number         0  dmul.o ABSOLUTE
    C:\Software\Keil_v5\ARM\PACK\ARM\CMSIS\5.8.0\CMSIS\RTOS2\RTX\Source\rtx_lib.c 0x00000000   Number         0  rtx_lib.o ABSOLUTE
    C:\\Software\\Keil_v5\\ARM\\PACK\\ARM\\CMSIS\\5.8.0\\CMSIS\\RTOS2\\RTX\\Source\\rtx_lib.c 0x00000000   Number         0  rtx_lib.o ABSOLUTE
    FPU_USED                                 0x00000000   Number         0  irq_armv7m.o ABSOLUTE
    GLCD_SPI_LPC1700.c                       0x00000000   Number         0  glcd_spi_lpc1700.o ABSOLUTE
    GLCD_SPI_LPC1700.c                       0x00000000   Number         0  glcd_spi_lpc1700.o ABSOLUTE
    GLCD_Scroll.c                            0x00000000   Number         0  glcd_scroll.o ABSOLUTE
    GLCD_Scroll.c                            0x00000000   Number         0  glcd_scroll.o ABSOLUTE
    RTE\CMSIS\RTX_Config.c                   0x00000000   Number         0  rtx_config.o ABSOLUTE
    RTE\Device\LPC1768\startup_LPC17xx.s     0x00000000   Number         0  startup_lpc17xx.o ABSOLUTE
    RTE\Device\LPC1768\system_LPC17xx.c      0x00000000   Number         0  system_lpc17xx.o ABSOLUTE
    RTE\\CMSIS\\RTX_Config.c                 0x00000000   Number         0  rtx_config.o ABSOLUTE
    RTE\\Device\\LPC1768\\system_LPC17xx.c   0x00000000   Number         0  system_lpc17xx.o ABSOLUTE
    Retarget.c                               0x00000000   Number         0  retarget.o ABSOLUTE
    cdrcmple.s                               0x00000000   Number         0  cdrcmple.o ABSOLUTE
    dc.s                                     0x00000000   Number         0  dc.o ABSOLUTE
    gameLogic.c                              0x00000000   Number         0  gamelogic.o ABSOLUTE
    gameLogic.c                              0x00000000   Number         0  gamelogic.o ABSOLUTE
    handlers.s                               0x00000000   Number         0  handlers.o ABSOLUTE
    init.s                                   0x00000000   Number         0  init.o ABSOLUTE
    os_systick.c                             0x00000000   Number         0  os_systick.o ABSOLUTE
    p2_main.c                                0x00000000   Number         0  p2_main.o ABSOLUTE
    p2_main.c                                0x00000000   Number         0  p2_main.o ABSOLUTE
    rtx_delay.c                              0x00000000   Number         0  rtx_delay.o ABSOLUTE
    rtx_kernel.c                             0x00000000   Number         0  rtx_kernel.o ABSOLUTE
    rtx_memory.c                             0x00000000   Number         0  rtx_memory.o ABSOLUTE
    rtx_mempool.c                            0x00000000   Number         0  rtx_mempool.o ABSOLUTE
    rtx_msgqueue.c                           0x00000000   Number         0  rtx_msgqueue.o ABSOLUTE
    rtx_mutex.c                              0x00000000   Number         0  rtx_mutex.o ABSOLUTE
    rtx_system.c                             0x00000000   Number         0  rtx_system.o ABSOLUTE
    rtx_thread.c                             0x00000000   Number         0  rtx_thread.o ABSOLUTE
    rtx_timer.c                              0x00000000   Number         0  rtx_timer.o ABSOLUTE
    spece.c                                  0x00000000   Number         0  spece.o ABSOLUTE
    uart.c                                   0x00000000   Number         0  uart.o ABSOLUTE
    uart.c                                   0x00000000   Number         0  uart.o ABSOLUTE
    osRtxErrorStackOverflow                  0x00000001   Number         0  irq_armv7m.o ABSOLUTE
    I_T_RUN_OFS                              0x00000014   Number         0  irq_armv7m.o ABSOLUTE
    TCB_SF_OFS                               0x00000022   Number         0  irq_armv7m.o ABSOLUTE
    TCB_SP_OFS                               0x00000038   Number         0  irq_armv7m.o ABSOLUTE
    .ARM.Collect$$$$00000000                 0x000000cc   Section        0  entry.o(.ARM.Collect$$$$00000000)
    .ARM.Collect$$$$00000001                 0x000000cc   Section        4  entry2.o(.ARM.Collect$$$$00000001)
    .ARM.Collect$$$$00000004                 0x000000d0   Section        4  entry5.o(.ARM.Collect$$$$00000004)
    .ARM.Collect$$$$00000008                 0x000000d4   Section        0  entry7b.o(.ARM.Collect$$$$00000008)
    .ARM.Collect$$$$0000000A                 0x000000d4   Section        0  entry8b.o(.ARM.Collect$$$$0000000A)
    .ARM.Collect$$$$0000000B                 0x000000d4   Section        8  entry9a.o(.ARM.Collect$$$$0000000B)
    .ARM.Collect$$$$0000000D                 0x000000dc   Section        0  entry10a.o(.ARM.Collect$$$$0000000D)
    .ARM.Collect$$$$0000000F                 0x000000dc   Section        0  entry11a.o(.ARM.Collect$$$$0000000F)
    .ARM.Collect$$$$00002712                 0x000000dc   Section        4  entry2.o(.ARM.Collect$$$$00002712)
    __lit__00000000                          0x000000dc   Data           4  entry2.o(.ARM.Collect$$$$00002712)
    .text                                    0x000000e0   Section       36  startup_lpc17xx.o(.text)
    [Anonymous Symbol]                       0x00000104   Section        0  irq_armv7m.o(.text)
    SVC_Context                              0x0000012c   Number         0  irq_armv7m.o(.text)
    SVC_ContextSave                          0x0000013c   Number         0  irq_armv7m.o(.text)
    SVC_ContextRestore                       0x00000144   Number         0  irq_armv7m.o(.text)
    SVC_Exit                                 0x00000152   Number         0  irq_armv7m.o(.text)
    SVC_User                                 0x00000154   Number         0  irq_armv7m.o(.text)
    .text                                    0x00000198   Section        0  memcpya.o(.text)
    .text                                    0x000001bc   Section        0  memseta.o(.text)
    .text                                    0x000001e0   Section       36  init.o(.text)
    .text                                    0x00000204   Section        0  __dczerorl2.o(.text)
    [Anonymous Symbol]                       0x0000025a   Section        0  rtx_msgqueue.o(.text.MessageQueueGet)
    MessageQueueGet                          0x0000025b   Thumb Code    64  rtx_msgqueue.o(.text.MessageQueueGet)
    [Anonymous Symbol]                       0x0000029a   Section        0  rtx_msgqueue.o(.text.MessageQueuePut)
    MessageQueuePut                          0x0000029b   Thumb Code    88  rtx_msgqueue.o(.text.MessageQueuePut)
    [Anonymous Symbol]                       0x000002f2   Section        0  os_systick.o(.text.OS_Tick_GetIRQn)
    [Anonymous Symbol]                       0x000002f8   Section        0  rtx_kernel.o(.text.osRtxKernelErrorNotify)
    .ARM.__at_0x02FC                         0x000002fc   Section        4  startup_lpc17xx.o(.ARM.__at_0x02FC)
    [Anonymous Symbol]                       0x00000300   Section        0  rtx_msgqueue.o(.text.MessageQueueRemove)
    MessageQueueRemove                       0x00000301   Thumb Code    28  rtx_msgqueue.o(.text.MessageQueueRemove)
    [Anonymous Symbol]                       0x0000031c   Section        0  os_systick.o(.text.OS_Tick_AcknowledgeIRQ)
    __arm_cp.3_0                             0x00000324   Number         4  os_systick.o(.text.OS_Tick_AcknowledgeIRQ)
    [Anonymous Symbol]                       0x00000328   Section        0  os_systick.o(.text.OS_Tick_Enable)
    __arm_cp.1_0                             0x00000348   Number         4  os_systick.o(.text.OS_Tick_Enable)
    __arm_cp.1_1                             0x0000034c   Number         4  os_systick.o(.text.OS_Tick_Enable)
    __arm_cp.1_2                             0x00000350   Number         4  os_systick.o(.text.OS_Tick_Enable)
    [Anonymous Symbol]                       0x00000354   Section        0  os_systick.o(.text.OS_Tick_Setup)
    __arm_cp.0_0                             0x00000384   Number         4  os_systick.o(.text.OS_Tick_Setup)
    __arm_cp.0_1                             0x00000388   Number         4  os_systick.o(.text.OS_Tick_Setup)
    __arm_cp.0_2                             0x0000038c   Number         4  os_systick.o(.text.OS_Tick_Setup)
    __arm_cp.0_3                             0x00000390   Number         4  os_systick.o(.text.OS_Tick_Setup)
    [Anonymous Symbol]                       0x00000394   Section        0  rtx_kernel.o(.text.OUTLINED_FUNCTION_0)
    OUTLINED_FUNCTION_0                      0x00000395   Thumb Code    12  rtx_kernel.o(.text.OUTLINED_FUNCTION_0)
    [Anonymous Symbol]                       0x000003a0   Section        0  rtx_thread.o(.text.OUTLINED_FUNCTION_0)
    OUTLINED_FUNCTION_0                      0x000003a1   Thumb Code     6  rtx_thread.o(.text.OUTLINED_FUNCTION_0)
    [Anonymous Symbol]                       0x000003a6   Section        0  rtx_msgqueue.o(.text.OUTLINED_FUNCTION_0)
    OUTLINED_FUNCTION_0                      0x000003a7   Thumb Code    12  rtx_msgqueue.o(.text.OUTLINED_FUNCTION_0)
    [Anonymous Symbol]                       0x000003b2   Section        0  rtx_kernel.o(.text.OUTLINED_FUNCTION_1)
    OUTLINED_FUNCTION_1                      0x000003b3   Thumb Code     6  rtx_kernel.o(.text.OUTLINED_FUNCTION_1)
    [Anonymous Symbol]                       0x000003b8   Section        0  rtx_thread.o(.text.OUTLINED_FUNCTION_1)
    OUTLINED_FUNCTION_1                      0x000003b9   Thumb Code     6  rtx_thread.o(.text.OUTLINED_FUNCTION_1)
    [Anonymous Symbol]                       0x000003be   Section        0  rtx_thread.o(.text.OUTLINED_FUNCTION_2)
    OUTLINED_FUNCTION_2                      0x000003bf   Thumb Code    20  rtx_thread.o(.text.OUTLINED_FUNCTION_2)
    [Anonymous Symbol]                       0x000003d2   Section        0  rtx_thread.o(.text.OUTLINED_FUNCTION_4)
    OUTLINED_FUNCTION_4                      0x000003d3   Thumb Code     8  rtx_thread.o(.text.OUTLINED_FUNCTION_4)
    [Anonymous Symbol]                       0x000003da   Section        0  rtx_thread.o(.text.ThreadFlagsCheck)
    ThreadFlagsCheck                         0x000003db   Thumb Code   100  rtx_thread.o(.text.ThreadFlagsCheck)
    [Anonymous Symbol]                       0x00000440   Section        0  rtx_timer.o(.text.TimerInsert)
    TimerInsert                              0x00000441   Thumb Code    68  rtx_timer.o(.text.TimerInsert)
    __arm_cp.9_0                             0x00000484   Number         4  rtx_timer.o(.text.TimerInsert)
    [Anonymous Symbol]                       0x00000488   Section        0  rtx_delay.o(.text.osDelay)
    __arm_cp.0_0                             0x000004a8   Number         4  rtx_delay.o(.text.osDelay)
    [Anonymous Symbol]                       0x000004ac   Section        0  rtx_kernel.o(.text.osKernelInitialize)
    __arm_cp.2_0                             0x000004d4   Number         4  rtx_kernel.o(.text.osKernelInitialize)
    [Anonymous Symbol]                       0x000004d8   Section        0  rtx_kernel.o(.text.osKernelStart)
    __arm_cp.7_0                             0x000004f8   Number         4  rtx_kernel.o(.text.osKernelStart)
    [Anonymous Symbol]                       0x000004fc   Section        0  rtx_msgqueue.o(.text.osMessageQueueGet)
    __arm_cp.5_0                             0x00000568   Number         4  rtx_msgqueue.o(.text.osMessageQueueGet)
    [Anonymous Symbol]                       0x0000056c   Section        0  rtx_msgqueue.o(.text.osMessageQueuePut)
    __arm_cp.4_0                             0x000005e8   Number         4  rtx_msgqueue.o(.text.osMessageQueuePut)
    [Anonymous Symbol]                       0x000005ec   Section        0  rtx_mutex.o(.text.osMutexAcquire)
    __arm_cp.4_0                             0x0000060c   Number         4  rtx_mutex.o(.text.osMutexAcquire)
    [Anonymous Symbol]                       0x00000610   Section        0  rtx_mutex.o(.text.osMutexNew)
    __arm_cp.2_0                             0x00000630   Number         4  rtx_mutex.o(.text.osMutexNew)
    [Anonymous Symbol]                       0x00000634   Section        0  rtx_mutex.o(.text.osMutexRelease)
    __arm_cp.5_0                             0x00000654   Number         4  rtx_mutex.o(.text.osMutexRelease)
    [Anonymous Symbol]                       0x00000658   Section        0  rtx_kernel.o(.text.osRtxKernelPreInit)
    [Anonymous Symbol]                       0x0000065a   Section        0  rtx_memory.o(.text.osRtxMemoryAlloc)
    [Anonymous Symbol]                       0x000006c6   Section        0  rtx_memory.o(.text.osRtxMemoryFree)
    [Anonymous Symbol]                       0x00000708   Section        0  rtx_memory.o(.text.osRtxMemoryInit)
    [Anonymous Symbol]                       0x0000073e   Section        0  rtx_mempool.o(.text.osRtxMemoryPoolAlloc)
    [Anonymous Symbol]                       0x00000778   Section        0  rtx_mempool.o(.text.osRtxMemoryPoolFree)
    [Anonymous Symbol]                       0x000007c2   Section        0  rtx_mempool.o(.text.osRtxMemoryPoolInit)
    [Anonymous Symbol]                       0x000007fa   Section        0  rtx_msgqueue.o(.text.osRtxMessageQueuePostProcess)
    osRtxMessageQueuePostProcess             0x000007fb   Thumb Code   170  rtx_msgqueue.o(.text.osRtxMessageQueuePostProcess)
    [Anonymous Symbol]                       0x000008a4   Section        0  rtx_msgqueue.o(.text.osRtxMessageQueueTimerSetup)
    __arm_cp.0_0                             0x000008c4   Number         4  rtx_msgqueue.o(.text.osRtxMessageQueueTimerSetup)
    __arm_cp.0_1                             0x000008c8   Number         4  rtx_msgqueue.o(.text.osRtxMessageQueueTimerSetup)
    [Anonymous Symbol]                       0x000008cc   Section        0  rtx_mutex.o(.text.osRtxMutexOwnerRelease)
    [Anonymous Symbol]                       0x00000914   Section        0  rtx_mutex.o(.text.osRtxMutexOwnerRestore)
    [Anonymous Symbol]                       0x00000958   Section        0  rtx_system.o(.text.osRtxPendSV_Handler)
    __arm_cp.1_0                             0x000009e0   Number         4  rtx_system.o(.text.osRtxPendSV_Handler)
    [Anonymous Symbol]                       0x000009e4   Section        0  rtx_system.o(.text.osRtxPostProcess)
    __arm_cp.2_0                             0x00000a50   Number         4  rtx_system.o(.text.osRtxPostProcess)
    __arm_cp.2_1                             0x00000a54   Number         4  rtx_system.o(.text.osRtxPostProcess)
    [Anonymous Symbol]                       0x00000a58   Section        0  rtx_thread.o(.text.osRtxThreadBlock)
    osRtxThreadBlock                         0x00000a59   Thumb Code    52  rtx_thread.o(.text.osRtxThreadBlock)
    __arm_cp.10_0                            0x00000a8c   Number         4  rtx_thread.o(.text.osRtxThreadBlock)
    [Anonymous Symbol]                       0x00000a90   Section        0  rtx_thread.o(.text.osRtxThreadDelayInsert)
    osRtxThreadDelayInsert                   0x00000a91   Thumb Code   124  rtx_thread.o(.text.osRtxThreadDelayInsert)
    __arm_cp.14_0                            0x00000b0c   Number         4  rtx_thread.o(.text.osRtxThreadDelayInsert)
    [Anonymous Symbol]                       0x00000b10   Section        0  rtx_thread.o(.text.osRtxThreadDelayRemove)
    osRtxThreadDelayRemove                   0x00000b11   Thumb Code    60  rtx_thread.o(.text.osRtxThreadDelayRemove)
    __arm_cp.12_0                            0x00000b4c   Number         4  rtx_thread.o(.text.osRtxThreadDelayRemove)
    [Anonymous Symbol]                       0x00000b50   Section        0  rtx_thread.o(.text.osRtxThreadDelayTick)
    __arm_cp.5_0                             0x00000b98   Number         4  rtx_thread.o(.text.osRtxThreadDelayTick)
    [Anonymous Symbol]                       0x00000b9c   Section        0  rtx_thread.o(.text.osRtxThreadDestroy)
    osRtxThreadDestroy                       0x00000b9d   Thumb Code    32  rtx_thread.o(.text.osRtxThreadDestroy)
    __arm_cp.56_0                            0x00000bbc   Number         4  rtx_thread.o(.text.osRtxThreadDestroy)
    [Anonymous Symbol]                       0x00000bc0   Section        0  rtx_thread.o(.text.osRtxThreadDispatch)
    __arm_cp.9_0                             0x00000c10   Number         4  rtx_thread.o(.text.osRtxThreadDispatch)
    [Anonymous Symbol]                       0x00000c14   Section        0  rtx_thread.o(.text.osRtxThreadFree)
    osRtxThreadFree                          0x00000c15   Thumb Code    84  rtx_thread.o(.text.osRtxThreadFree)
    __arm_cp.52_0                            0x00000c68   Number         4  rtx_thread.o(.text.osRtxThreadFree)
    [Anonymous Symbol]                       0x00000c6c   Section        0  rtx_thread.o(.text.osRtxThreadJoinWakeup)
    osRtxThreadJoinWakeup                    0x00000c6d   Thumb Code    30  rtx_thread.o(.text.osRtxThreadJoinWakeup)
    [Anonymous Symbol]                       0x00000c8a   Section        0  rtx_thread.o(.text.osRtxThreadListGet)
    [Anonymous Symbol]                       0x00000c9c   Section        0  rtx_thread.o(.text.osRtxThreadListPut)
    [Anonymous Symbol]                       0x00000cc8   Section        0  rtx_thread.o(.text.osRtxThreadListRemove)
    [Anonymous Symbol]                       0x00000cdc   Section        0  rtx_thread.o(.text.osRtxThreadListRoot)
    osRtxThreadListRoot                      0x00000cdd   Thumb Code    12  rtx_thread.o(.text.osRtxThreadListRoot)
    [Anonymous Symbol]                       0x00000ce8   Section        0  rtx_thread.o(.text.osRtxThreadListSort)
    [Anonymous Symbol]                       0x00000d0e   Section        0  rtx_thread.o(.text.osRtxThreadPostProcess)
    osRtxThreadPostProcess                   0x00000d0f   Thumb Code    40  rtx_thread.o(.text.osRtxThreadPostProcess)
    [Anonymous Symbol]                       0x00000d38   Section        0  rtx_thread.o(.text.osRtxThreadReadyPut)
    __arm_cp.4_0                             0x00000d48   Number         4  rtx_thread.o(.text.osRtxThreadReadyPut)
    [Anonymous Symbol]                       0x00000d4c   Section        0  rtx_thread.o(.text.osRtxThreadRegPtr)
    [Anonymous Symbol]                       0x00000d54   Section        0  rtx_thread.o(.text.osRtxThreadStartup)
    __arm_cp.15_0                            0x00000d84   Number         4  rtx_thread.o(.text.osRtxThreadStartup)
    __arm_cp.15_1                            0x00000d88   Number         4  rtx_thread.o(.text.osRtxThreadStartup)
    __arm_cp.15_2                            0x00000d8c   Number         4  rtx_thread.o(.text.osRtxThreadStartup)
    [Anonymous Symbol]                       0x00000d90   Section        0  rtx_thread.o(.text.osRtxThreadSwitch)
    __arm_cp.8_0                             0x00000d9c   Number         4  rtx_thread.o(.text.osRtxThreadSwitch)
    [Anonymous Symbol]                       0x00000da0   Section        0  rtx_thread.o(.text.osRtxThreadWaitEnter)
    __arm_cp.13_0                            0x00000dd8   Number         4  rtx_thread.o(.text.osRtxThreadWaitEnter)
    [Anonymous Symbol]                       0x00000ddc   Section        0  rtx_thread.o(.text.osRtxThreadWaitExit)
    [Anonymous Symbol]                       0x00000e00   Section        0  rtx_system.o(.text.osRtxTick_Handler)
    __arm_cp.0_0                             0x00000e74   Number         4  rtx_system.o(.text.osRtxTick_Handler)
    [Anonymous Symbol]                       0x00000e78   Section        0  rtx_timer.o(.text.osRtxTimerSetup)
    __arm_cp.0_0                             0x00000e90   Number         4  rtx_timer.o(.text.osRtxTimerSetup)
    __arm_cp.0_1                             0x00000e94   Number         4  rtx_timer.o(.text.osRtxTimerSetup)
    [Anonymous Symbol]                       0x00000e98   Section        0  rtx_timer.o(.text.osRtxTimerThread)
    [Anonymous Symbol]                       0x00000eb8   Section        0  rtx_timer.o(.text.osRtxTimerTick)
    osRtxTimerTick                           0x00000eb9   Thumb Code   108  rtx_timer.o(.text.osRtxTimerTick)
    __arm_cp.1_0                             0x00000f24   Number         4  rtx_timer.o(.text.osRtxTimerTick)
    [Anonymous Symbol]                       0x00000f28   Section        0  rtx_thread.o(.text.osThreadExit)
    __arm_cp.31_0                            0x00000f30   Number         4  rtx_thread.o(.text.osThreadExit)
    [Anonymous Symbol]                       0x00000f34   Section        0  rtx_thread.o(.text.osThreadNew)
    __arm_cp.17_0                            0x00000f54   Number         4  rtx_thread.o(.text.osThreadNew)
    [Anonymous Symbol]                       0x00000f58   Section        0  rtx_thread.o(.text.osThreadTerminate)
    __arm_cp.32_0                            0x00000f78   Number         4  rtx_thread.o(.text.osThreadTerminate)
    [Anonymous Symbol]                       0x00000f7c   Section        0  rtx_thread.o(.text.osThreadYield)
    __arm_cp.26_0                            0x00000f9c   Number         4  rtx_thread.o(.text.osThreadYield)
    [Anonymous Symbol]                       0x00000fa0   Section        0  rtx_delay.o(.text.svcRtxDelay)
    svcRtxDelay                              0x00000fa1   Thumb Code    22  rtx_delay.o(.text.svcRtxDelay)
    [Anonymous Symbol]                       0x00000fb8   Section        0  rtx_kernel.o(.text.svcRtxKernelInitialize)
    svcRtxKernelInitialize                   0x00000fb9   Thumb Code   244  rtx_kernel.o(.text.svcRtxKernelInitialize)
    __arm_cp.21_0                            0x000010ac   Number         4  rtx_kernel.o(.text.svcRtxKernelInitialize)
    __arm_cp.21_1                            0x000010b0   Number         4  rtx_kernel.o(.text.svcRtxKernelInitialize)
    __arm_cp.21_2                            0x000010b4   Number         4  rtx_kernel.o(.text.svcRtxKernelInitialize)
    [Anonymous Symbol]                       0x000010b8   Section        0  rtx_kernel.o(.text.svcRtxKernelStart)
    svcRtxKernelStart                        0x000010b9   Thumb Code   120  rtx_kernel.o(.text.svcRtxKernelStart)
    __arm_cp.22_0                            0x00001130   Number         4  rtx_kernel.o(.text.svcRtxKernelStart)
    __arm_cp.22_1                            0x00001134   Number         4  rtx_kernel.o(.text.svcRtxKernelStart)
    __arm_cp.22_2                            0x00001138   Number         4  rtx_kernel.o(.text.svcRtxKernelStart)
    __arm_cp.22_3                            0x0000113c   Number         4  rtx_kernel.o(.text.svcRtxKernelStart)
    [Anonymous Symbol]                       0x00001140   Section        0  rtx_msgqueue.o(.text.svcRtxMessageQueueGet)
    svcRtxMessageQueueGet                    0x00001141   Thumb Code   212  rtx_msgqueue.o(.text.svcRtxMessageQueueGet)
    __arm_cp.22_0                            0x00001214   Number         4  rtx_msgqueue.o(.text.svcRtxMessageQueueGet)
    [Anonymous Symbol]                       0x00001218   Section        0  rtx_msgqueue.o(.text.svcRtxMessageQueueNew)
    svcRtxMessageQueueNew                    0x00001219   Thumb Code   272  rtx_msgqueue.o(.text.svcRtxMessageQueueNew)
    __arm_cp.1_0                             0x00001328   Number         4  rtx_msgqueue.o(.text.svcRtxMessageQueueNew)
    __arm_cp.1_1                             0x0000132c   Number         4  rtx_msgqueue.o(.text.svcRtxMessageQueueNew)
    [Anonymous Symbol]                       0x00001330   Section        0  rtx_msgqueue.o(.text.svcRtxMessageQueuePut)
    svcRtxMessageQueuePut                    0x00001331   Thumb Code   176  rtx_msgqueue.o(.text.svcRtxMessageQueuePut)
    __arm_cp.20_0                            0x000013e0   Number         4  rtx_msgqueue.o(.text.svcRtxMessageQueuePut)
    [Anonymous Symbol]                       0x000013e4   Section        0  rtx_mutex.o(.text.svcRtxMutexAcquire)
    svcRtxMutexAcquire                       0x000013e5   Thumb Code   140  rtx_mutex.o(.text.svcRtxMutexAcquire)
    __arm_cp.10_0                            0x00001470   Number         4  rtx_mutex.o(.text.svcRtxMutexAcquire)
    [Anonymous Symbol]                       0x00001474   Section        0  rtx_mutex.o(.text.svcRtxMutexNew)
    svcRtxMutexNew                           0x00001475   Thumb Code   100  rtx_mutex.o(.text.svcRtxMutexNew)
    __arm_cp.8_0                             0x000014d8   Number         4  rtx_mutex.o(.text.svcRtxMutexNew)
    [Anonymous Symbol]                       0x000014dc   Section        0  rtx_mutex.o(.text.svcRtxMutexRelease)
    svcRtxMutexRelease                       0x000014dd   Thumb Code   176  rtx_mutex.o(.text.svcRtxMutexRelease)
    __arm_cp.11_0                            0x0000158c   Number         4  rtx_mutex.o(.text.svcRtxMutexRelease)
    [Anonymous Symbol]                       0x00001590   Section        0  rtx_thread.o(.text.svcRtxThreadExit)
    svcRtxThreadExit                         0x00001591   Thumb Code    72  rtx_thread.o(.text.svcRtxThreadExit)
    __arm_cp.54_0                            0x000015d8   Number         4  rtx_thread.o(.text.svcRtxThreadExit)
    [Anonymous Symbol]                       0x000015dc   Section        0  rtx_thread.o(.text.svcRtxThreadNew)
    svcRtxThreadNew                          0x000015dd   Thumb Code   472  rtx_thread.o(.text.svcRtxThreadNew)
    __arm_cp.16_0                            0x000017b4   Number         4  rtx_thread.o(.text.svcRtxThreadNew)
    __arm_cp.16_1                            0x000017b8   Number         4  rtx_thread.o(.text.svcRtxThreadNew)
    __arm_cp.16_2                            0x000017bc   Number         4  rtx_thread.o(.text.svcRtxThreadNew)
    __arm_cp.16_3                            0x000017c0   Number         4  rtx_thread.o(.text.svcRtxThreadNew)
    __arm_cp.16_4                            0x000017c4   Number         4  rtx_thread.o(.text.svcRtxThreadNew)
    [Anonymous Symbol]                       0x000017c8   Section        0  rtx_thread.o(.text.svcRtxThreadTerminate)
    svcRtxThreadTerminate                    0x000017c9   Thumb Code   132  rtx_thread.o(.text.svcRtxThreadTerminate)
    __arm_cp.57_0                            0x0000184c   Number         4  rtx_thread.o(.text.svcRtxThreadTerminate)
    [Anonymous Symbol]                       0x00001850   Section        0  rtx_thread.o(.text.svcRtxThreadYield)
    svcRtxThreadYield                        0x00001851   Thumb Code    52  rtx_thread.o(.text.svcRtxThreadYield)
    __arm_cp.47_0                            0x00001884   Number         4  rtx_thread.o(.text.svcRtxThreadYield)
    i.Free                                   0x00001888   Section        0  uart.o(i.Free)
    i.FreeRcv                                0x00001890   Section        0  uart.o(i.FreeRcv)
    i.FreeSnd                                0x000018b4   Section        0  uart.o(i.FreeSnd)
    i.GLCD_Clear                             0x000018d8   Section        0  glcd_spi_lpc1700.o(i.GLCD_Clear)
    i.GLCD_DisplayChar                       0x00001904   Section        0  glcd_spi_lpc1700.o(i.GLCD_DisplayChar)
    i.GLCD_DisplayString                     0x00001960   Section        0  glcd_spi_lpc1700.o(i.GLCD_DisplayString)
    i.GLCD_DrawChar                          0x00001988   Section        0  glcd_spi_lpc1700.o(i.GLCD_DrawChar)
    i.GLCD_Init                              0x00001a24   Section        0  glcd_spi_lpc1700.o(i.GLCD_Init)
    i.GLCD_PutPixel                          0x0000200c   Section        0  glcd_spi_lpc1700.o(i.GLCD_PutPixel)
    i.GLCD_SetBackColor                      0x0000208c   Section        0  glcd_spi_lpc1700.o(i.GLCD_SetBackColor)
    i.GLCD_SetTextColor                      0x00002098   Section        0  glcd_spi_lpc1700.o(i.GLCD_SetTextColor)
    i.GLCD_SetWindow                         0x000020a4   Section        0  glcd_spi_lpc1700.o(i.GLCD_SetWindow)
    i.GLCD_WindowMax                         0x00002150   Section        0  glcd_spi_lpc1700.o(i.GLCD_WindowMax)
    i.SystemInit                             0x00002164   Section        0  system_lpc17xx.o(i.SystemInit)
    i.UART0_IRQHandler                       0x000022a4   Section        0  uart.o(i.UART0_IRQHandler)
    i.UART1_IRQHandler                       0x0000230c   Section        0  uart.o(i.UART1_IRQHandler)
    i.UARTInit                               0x0000237c   Section        0  uart.o(i.UARTInit)
    i.UARTSendChar                           0x00002438   Section        0  uart.o(i.UARTSendChar)
    i.__0printf$bare                         0x0000245c   Section        0  printfb.o(i.__0printf$bare)
    i.__NVIC_EnableIRQ                       0x0000246c   Section        0  uart.o(i.__NVIC_EnableIRQ)
    __NVIC_EnableIRQ                         0x0000246d   Thumb Code    34  uart.o(i.__NVIC_EnableIRQ)
    i.__scatterload_copy                     0x0000248e   Section       14  handlers.o(i.__scatterload_copy)
    i.__scatterload_null                     0x0000249c   Section        2  handlers.o(i.__scatterload_null)
    i.__scatterload_zeroinit                 0x0000249e   Section       14  handlers.o(i.__scatterload_zeroinit)
    i._printf_core                           0x000024ac   Section        0  printfb.o(i._printf_core)
    _printf_core                             0x000024ad   Thumb Code    34  printfb.o(i._printf_core)
    i.animate                                0x000024d0   Section        0  gamelogic.o(i.animate)
    i.checkCollision                         0x00002520   Section        0  spece.o(i.checkCollision)
    i.checkEndGame                           0x00002560   Section        0  gamelogic.o(i.checkEndGame)
    i.delay                                  0x000026c0   Section        0  glcd_spi_lpc1700.o(i.delay)
    delay                                    0x000026c1   Thumb Code    14  glcd_spi_lpc1700.o(i.delay)
    i.drawBigPixelAt                         0x000026ce   Section        0  spece.o(i.drawBigPixelAt)
    i.fputc                                  0x000026fa   Section        0  retarget.o(i.fputc)
    i.getFrequency                           0x00002708   Section        0  uart.o(i.getFrequency)
    i.initializeActors                       0x00002750   Section        0  gamelogic.o(i.initializeActors)
    i.ledMutex                               0x00002928   Section        0  p2_main.o(i.ledMutex)
    i.main                                   0x00002adc   Section        0  p2_main.o(i.main)
    i.malloc                                 0x00002bac   Section        0  malloc.o(i.malloc)
    i.osRtxErrorNotify                       0x00002c18   Section        0  rtx_config.o(i.osRtxErrorNotify)
    i.osRtxIdleThread                        0x00002c38   Section        0  rtx_config.o(i.osRtxIdleThread)
    i.printBall                              0x00002c3c   Section        0  spece.o(i.printBall)
    i.printCannon                            0x00002ce8   Section        0  spece.o(i.printCannon)
    i.printObstacle                          0x00002d20   Section        0  spece.o(i.printObstacle)
    i.printSpriteAt                          0x00002d44   Section        0  spece.o(i.printSpriteAt)
    i.printStar                              0x00002d96   Section        0  spece.o(i.printStar)
    i.rd_id_man                              0x00002dbc   Section        0  glcd_spi_lpc1700.o(i.rd_id_man)
    rd_id_man                                0x00002dbd   Thumb Code   132  glcd_spi_lpc1700.o(i.rd_id_man)
    i.rd_reg                                 0x00002e48   Section        0  glcd_spi_lpc1700.o(i.rd_reg)
    rd_reg                                   0x00002e49   Thumb Code    66  glcd_spi_lpc1700.o(i.rd_reg)
    i.readPlayerInput                        0x00002e90   Section        0  gamelogic.o(i.readPlayerInput)
    i.sendchar                               0x00002f0c   Section        0  retarget.o(i.sendchar)
    i.spi_tran                               0x00002f50   Section        0  glcd_spi_lpc1700.o(i.spi_tran)
    spi_tran                                 0x00002f51   Thumb Code    28  glcd_spi_lpc1700.o(i.spi_tran)
    i.spi_tran_man                           0x00002f70   Section        0  glcd_spi_lpc1700.o(i.spi_tran_man)
    spi_tran_man                             0x00002f71   Thumb Code   124  glcd_spi_lpc1700.o(i.spi_tran_man)
    i.wr_cmd                                 0x00002ff0   Section        0  glcd_spi_lpc1700.o(i.wr_cmd)
    wr_cmd                                   0x00002ff1   Thumb Code    36  glcd_spi_lpc1700.o(i.wr_cmd)
    i.wr_dat                                 0x00003018   Section        0  glcd_spi_lpc1700.o(i.wr_dat)
    wr_dat                                   0x00003019   Thumb Code    36  glcd_spi_lpc1700.o(i.wr_dat)
    i.wr_dat_only                            0x00003040   Section        0  glcd_spi_lpc1700.o(i.wr_dat_only)
    wr_dat_only                              0x00003041   Thumb Code    18  glcd_spi_lpc1700.o(i.wr_dat_only)
    i.wr_dat_start                           0x00003054   Section        0  glcd_spi_lpc1700.o(i.wr_dat_start)
    wr_dat_start                             0x00003055   Thumb Code    16  glcd_spi_lpc1700.o(i.wr_dat_start)
    i.wr_dat_stop                            0x00003068   Section        0  glcd_spi_lpc1700.o(i.wr_dat_stop)
    wr_dat_stop                              0x00003069   Thumb Code     8  glcd_spi_lpc1700.o(i.wr_dat_stop)
    i.wr_reg                                 0x00003074   Section        0  glcd_spi_lpc1700.o(i.wr_reg)
    wr_reg                                   0x00003075   Thumb Code    20  glcd_spi_lpc1700.o(i.wr_reg)
    .constdata                               0x00003088   Section     6272  glcd_spi_lpc1700.o(.constdata)
    .constdata                               0x00004908   Section       16  p2_main.o(.constdata)
    .constdata                               0x00004918   Section      104  rtx_lib.o(.constdata)
    os_idle_thread_attr                      0x00004918   Data          36  rtx_lib.o(.constdata)
    os_timer_thread_attr                     0x0000493c   Data          36  rtx_lib.o(.constdata)
    os_timer_mq_attr                         0x00004960   Data          24  rtx_lib.o(.constdata)
    .conststring                             0x00004980   Section       14  p2_main.o(.conststring)
    .rodata                                  0x00004990   Section      168  rtx_lib.o(.rodata)
    __tagsym$$used                           0x00004990   Number         0  rtx_lib.o(.rodata)
    __tagsym$$used                           0x00004a00   Number         0  rtx_lib.o(.rodata)
    [Anonymous Symbol]                       0x00004a3c   Section        0  rtx_kernel.o(.rodata.str1.4)
    .bss.os                                  0x10000000   Section     8128  rtx_lib.o(.bss.os)
    os_mem                                   0x10000000   Data        8096  rtx_lib.o(.bss.os)
    os_isr_queue                             0x10001fa0   Data          32  rtx_lib.o(.bss.os)
    .bss.os.msgqueue.cb                      0x10001fc0   Section       52  rtx_lib.o(.bss.os.msgqueue.cb)
    os_timer_mq_cb                           0x10001fc0   Data          52  rtx_lib.o(.bss.os.msgqueue.cb)
    .bss.os.msgqueue.mem                     0x10001ff4   Section       80  rtx_lib.o(.bss.os.msgqueue.mem)
    os_timer_mq_data                         0x10001ff4   Data          80  rtx_lib.o(.bss.os.msgqueue.mem)
    .bss.os.thread.cb                        0x10002044   Section      136  rtx_lib.o(.bss.os.thread.cb)
    os_idle_thread_cb                        0x10002044   Data          68  rtx_lib.o(.bss.os.thread.cb)
    os_timer_thread_cb                       0x10002088   Data          68  rtx_lib.o(.bss.os.thread.cb)
    .bss.os.thread.idle.stack                0x100020d0   Section      512  rtx_lib.o(.bss.os.thread.idle.stack)
    os_idle_thread_stack                     0x100020d0   Data         512  rtx_lib.o(.bss.os.thread.idle.stack)
    .bss.os.thread.timer.stack               0x100022d0   Section      512  rtx_lib.o(.bss.os.thread.timer.stack)
    os_timer_thread_stack                    0x100022d0   Data         512  rtx_lib.o(.bss.os.thread.timer.stack)
    .data                                    0x100024d0   Section        5  glcd_spi_lpc1700.o(.data)
    Color                                    0x100024d0   Data           4  glcd_spi_lpc1700.o(.data)
    Himax                                    0x100024d4   Data           1  glcd_spi_lpc1700.o(.data)
    .data                                    0x100024d8   Section       12  retarget.o(.data)
    .data                                    0x100024e4   Section       32  uart.o(.data)
    .data                                    0x10002504   Section       36  p2_main.o(.data)
    .data                                    0x10002528   Section       88  gamelogic.o(.data)
    .data                                    0x10002580   Section        4  system_lpc17xx.o(.data)
    .data                                    0x10002584   Section        4  mvars.o(.data)
    .data                                    0x10002588   Section        4  mvars.o(.data)
    .bss                                     0x10002630   Section      128  uart.o(.bss)
    .bss                                     0x100026b0   Section       40  p2_main.o(.bss)
    [Anonymous Symbol]                       0x100026d8   Section        0  os_systick.o(.bss.os)
    PendST                                   0x100026d8   Data           1  os_systick.o(.bss.os)
    HEAP                                     0x100026e0   Section     8192  startup_lpc17xx.o(HEAP)
    STACK                                    0x100046e0   Section     8192  startup_lpc17xx.o(STACK)
    FPCCR                                    0xe000ef34   Number         0  irq_armv7m.o ABSOLUTE

    Global Symbols

    Symbol Name                              Value     Ov Type        Size  Object(Section)

    BuildAttributes$$THM_ISAv4$P$D$K$B$S$PE$A:L22UL41UL21$X:L11$S22US41US21$IEEE1$IW$USESV6$~STKCKD$USESV7$~SHL$OSPACE$ROPI$EBA8$MICROLIB$REQ8$PRES8$EABIv2 0x00000000   Number         0  anon$$obj.o ABSOLUTE
    __ARM_use_no_argv                        0x00000000   Number         0  p2_main.o ABSOLUTE
    __Vectors                                0x00000000   Data           4  startup_lpc17xx.o(RESET)
    .bss.os.evflags.cb$$Base                  - Undefined Weak Reference
    .bss.os.evflags.cb$$Limit                 - Undefined Weak Reference
    .bss.os.mempool.cb$$Base                  - Undefined Weak Reference
    .bss.os.mempool.cb$$Limit                 - Undefined Weak Reference
    .bss.os.mutex.cb$$Base                    - Undefined Weak Reference
    .bss.os.mutex.cb$$Limit                   - Undefined Weak Reference
    .bss.os.semaphore.cb$$Base                - Undefined Weak Reference
    .bss.os.semaphore.cb$$Limit               - Undefined Weak Reference
    .bss.os.timer.cb$$Base                    - Undefined Weak Reference
    .bss.os.timer.cb$$Limit                   - Undefined Weak Reference
    __cpp_initialize__aeabi_                  - Undefined Weak Reference
    __cxa_finalize                            - Undefined Weak Reference
    _clock_init                               - Undefined Weak Reference
    _microlib_exit                            - Undefined Weak Reference
    __main                                   0x000000cd   Thumb Code     0  entry.o(.ARM.Collect$$$$00000000)
    _main_stk                                0x000000cd   Thumb Code     0  entry2.o(.ARM.Collect$$$$00000001)
    _main_scatterload                        0x000000d1   Thumb Code     0  entry5.o(.ARM.Collect$$$$00000004)
    __main_after_scatterload                 0x000000d5   Thumb Code     0  entry5.o(.ARM.Collect$$$$00000004)
    _main_clock                              0x000000d5   Thumb Code     0  entry7b.o(.ARM.Collect$$$$00000008)
    _main_cpp_init                           0x000000d5   Thumb Code     0  entry8b.o(.ARM.Collect$$$$0000000A)
    _main_init                               0x000000d5   Thumb Code     0  entry9a.o(.ARM.Collect$$$$0000000B)
    __rt_final_cpp                           0x000000dd   Thumb Code     0  entry10a.o(.ARM.Collect$$$$0000000D)
    __rt_final_exit                          0x000000dd   Thumb Code     0  entry11a.o(.ARM.Collect$$$$0000000F)
    Reset_Handler                            0x000000e1   Thumb Code     8  startup_lpc17xx.o(.text)
    NMI_Handler                              0x000000e9   Thumb Code     2  startup_lpc17xx.o(.text)
    HardFault_Handler                        0x000000eb   Thumb Code     2  startup_lpc17xx.o(.text)
    MemManage_Handler                        0x000000ed   Thumb Code     2  startup_lpc17xx.o(.text)
    BusFault_Handler                         0x000000ef   Thumb Code     2  startup_lpc17xx.o(.text)
    UsageFault_Handler                       0x000000f1   Thumb Code     2  startup_lpc17xx.o(.text)
    DebugMon_Handler                         0x000000f5   Thumb Code     2  startup_lpc17xx.o(.text)
    ADC_IRQHandler                           0x000000fb   Thumb Code     0  startup_lpc17xx.o(.text)
    BOD_IRQHandler                           0x000000fb   Thumb Code     0  startup_lpc17xx.o(.text)
    CANActivity_IRQHandler                   0x000000fb   Thumb Code     0  startup_lpc17xx.o(.text)
    CAN_IRQHandler                           0x000000fb   Thumb Code     0  startup_lpc17xx.o(.text)
    DMA_IRQHandler                           0x000000fb   Thumb Code     0  startup_lpc17xx.o(.text)
    EINT0_IRQHandler                         0x000000fb   Thumb Code     0  startup_lpc17xx.o(.text)
    EINT1_IRQHandler                         0x000000fb   Thumb Code     0  startup_lpc17xx.o(.text)
    EINT2_IRQHandler                         0x000000fb   Thumb Code     0  startup_lpc17xx.o(.text)
    EINT3_IRQHandler                         0x000000fb   Thumb Code     0  startup_lpc17xx.o(.text)
    ENET_IRQHandler                          0x000000fb   Thumb Code     0  startup_lpc17xx.o(.text)
    I2C0_IRQHandler                          0x000000fb   Thumb Code     0  startup_lpc17xx.o(.text)
    I2C1_IRQHandler                          0x000000fb   Thumb Code     0  startup_lpc17xx.o(.text)
    I2C2_IRQHandler                          0x000000fb   Thumb Code     0  startup_lpc17xx.o(.text)
    I2S_IRQHandler                           0x000000fb   Thumb Code     0  startup_lpc17xx.o(.text)
    MCPWM_IRQHandler                         0x000000fb   Thumb Code     0  startup_lpc17xx.o(.text)
    PLL0_IRQHandler                          0x000000fb   Thumb Code     0  startup_lpc17xx.o(.text)
    PLL1_IRQHandler                          0x000000fb   Thumb Code     0  startup_lpc17xx.o(.text)
    PWM1_IRQHandler                          0x000000fb   Thumb Code     0  startup_lpc17xx.o(.text)
    QEI_IRQHandler                           0x000000fb   Thumb Code     0  startup_lpc17xx.o(.text)
    RIT_IRQHandler                           0x000000fb   Thumb Code     0  startup_lpc17xx.o(.text)
    RTC_IRQHandler                           0x000000fb   Thumb Code     0  startup_lpc17xx.o(.text)
    SPI_IRQHandler                           0x000000fb   Thumb Code     0  startup_lpc17xx.o(.text)
    SSP0_IRQHandler                          0x000000fb   Thumb Code     0  startup_lpc17xx.o(.text)
    SSP1_IRQHandler                          0x000000fb   Thumb Code     0  startup_lpc17xx.o(.text)
    TIMER0_IRQHandler                        0x000000fb   Thumb Code     0  startup_lpc17xx.o(.text)
    TIMER1_IRQHandler                        0x000000fb   Thumb Code     0  startup_lpc17xx.o(.text)
    TIMER2_IRQHandler                        0x000000fb   Thumb Code     0  startup_lpc17xx.o(.text)
    TIMER3_IRQHandler                        0x000000fb   Thumb Code     0  startup_lpc17xx.o(.text)
    UART2_IRQHandler                         0x000000fb   Thumb Code     0  startup_lpc17xx.o(.text)
    UART3_IRQHandler                         0x000000fb   Thumb Code     0  startup_lpc17xx.o(.text)
    USBActivity_IRQHandler                   0x000000fb   Thumb Code     0  startup_lpc17xx.o(.text)
    USB_IRQHandler                           0x000000fb   Thumb Code     0  startup_lpc17xx.o(.text)
    WDT_IRQHandler                           0x000000fb   Thumb Code     0  startup_lpc17xx.o(.text)
    SVC_Handler                              0x00000105   Thumb Code   108  irq_armv7m.o(.text)
    PendSV_Handler                           0x00000171   Thumb Code    16  irq_armv7m.o(.text)
    SysTick_Handler                          0x00000181   Thumb Code    16  irq_armv7m.o(.text)
    __aeabi_memcpy                           0x00000199   Thumb Code    36  memcpya.o(.text)
    __aeabi_memcpy4                          0x00000199   Thumb Code     0  memcpya.o(.text)
    __aeabi_memcpy8                          0x00000199   Thumb Code     0  memcpya.o(.text)
    __aeabi_memset                           0x000001bd   Thumb Code    14  memseta.o(.text)
    __aeabi_memset4                          0x000001bd   Thumb Code     0  memseta.o(.text)
    __aeabi_memset8                          0x000001bd   Thumb Code     0  memseta.o(.text)
    __aeabi_memclr                           0x000001cb   Thumb Code     4  memseta.o(.text)
    __aeabi_memclr4                          0x000001cb   Thumb Code     0  memseta.o(.text)
    __aeabi_memclr8                          0x000001cb   Thumb Code     0  memseta.o(.text)
    _memset$wrapper                          0x000001cf   Thumb Code    18  memseta.o(.text)
    __scatterload                            0x000001e1   Thumb Code    28  init.o(.text)
    __scatterload_rt2                        0x000001e1   Thumb Code     0  init.o(.text)
    __decompress                             0x00000205   Thumb Code     0  __dczerorl2.o(.text)
    __decompress1                            0x00000205   Thumb Code    86  __dczerorl2.o(.text)
    OS_Tick_GetIRQn                          0x000002f3   Thumb Code     6  os_systick.o(.text.OS_Tick_GetIRQn)
    osRtxKernelErrorNotify                   0x000002f9   Thumb Code     4  rtx_kernel.o(.text.osRtxKernelErrorNotify)
    OS_Tick_AcknowledgeIRQ                   0x0000031d   Thumb Code     8  os_systick.o(.text.OS_Tick_AcknowledgeIRQ)
    OS_Tick_Enable                           0x00000329   Thumb Code    32  os_systick.o(.text.OS_Tick_Enable)
    OS_Tick_Setup                            0x00000355   Thumb Code    48  os_systick.o(.text.OS_Tick_Setup)
    osDelay                                  0x00000489   Thumb Code    32  rtx_delay.o(.text.osDelay)
    osKernelInitialize                       0x000004ad   Thumb Code    40  rtx_kernel.o(.text.osKernelInitialize)
    osKernelStart                            0x000004d9   Thumb Code    32  rtx_kernel.o(.text.osKernelStart)
    osMessageQueueGet                        0x000004fd   Thumb Code   108  rtx_msgqueue.o(.text.osMessageQueueGet)
    osMessageQueuePut                        0x0000056d   Thumb Code   124  rtx_msgqueue.o(.text.osMessageQueuePut)
    osMutexAcquire                           0x000005ed   Thumb Code    32  rtx_mutex.o(.text.osMutexAcquire)
    osMutexNew                               0x00000611   Thumb Code    32  rtx_mutex.o(.text.osMutexNew)
    osMutexRelease                           0x00000635   Thumb Code    32  rtx_mutex.o(.text.osMutexRelease)
    osRtxKernelPreInit                       0x00000659   Thumb Code     2  rtx_kernel.o(.text.osRtxKernelPreInit)
    osRtxMemoryAlloc                         0x0000065b   Thumb Code   108  rtx_memory.o(.text.osRtxMemoryAlloc)
    osRtxMemoryFree                          0x000006c7   Thumb Code    66  rtx_memory.o(.text.osRtxMemoryFree)
    osRtxMemoryInit                          0x00000709   Thumb Code    54  rtx_memory.o(.text.osRtxMemoryInit)
    osRtxMemoryPoolAlloc                     0x0000073f   Thumb Code    58  rtx_mempool.o(.text.osRtxMemoryPoolAlloc)
    osRtxMemoryPoolFree                      0x00000779   Thumb Code    74  rtx_mempool.o(.text.osRtxMemoryPoolFree)
    osRtxMemoryPoolInit                      0x000007c3   Thumb Code    56  rtx_mempool.o(.text.osRtxMemoryPoolInit)
    osRtxMessageQueueTimerSetup              0x000008a5   Thumb Code    32  rtx_msgqueue.o(.text.osRtxMessageQueueTimerSetup)
    osRtxMutexOwnerRelease                   0x000008cd   Thumb Code    72  rtx_mutex.o(.text.osRtxMutexOwnerRelease)
    osRtxMutexOwnerRestore                   0x00000915   Thumb Code    66  rtx_mutex.o(.text.osRtxMutexOwnerRestore)
    osRtxPendSV_Handler                      0x00000959   Thumb Code   136  rtx_system.o(.text.osRtxPendSV_Handler)
    osRtxPostProcess                         0x000009e5   Thumb Code   108  rtx_system.o(.text.osRtxPostProcess)
    osRtxThreadDelayTick                     0x00000b51   Thumb Code    72  rtx_thread.o(.text.osRtxThreadDelayTick)
    osRtxThreadDispatch                      0x00000bc1   Thumb Code    80  rtx_thread.o(.text.osRtxThreadDispatch)
    osRtxThreadListGet                       0x00000c8b   Thumb Code    18  rtx_thread.o(.text.osRtxThreadListGet)
    osRtxThreadListPut                       0x00000c9d   Thumb Code    44  rtx_thread.o(.text.osRtxThreadListPut)
    osRtxThreadListRemove                    0x00000cc9   Thumb Code    20  rtx_thread.o(.text.osRtxThreadListRemove)
    osRtxThreadListSort                      0x00000ce9   Thumb Code    38  rtx_thread.o(.text.osRtxThreadListSort)
    osRtxThreadReadyPut                      0x00000d39   Thumb Code    16  rtx_thread.o(.text.osRtxThreadReadyPut)
    osRtxThreadRegPtr                        0x00000d4d   Thumb Code     6  rtx_thread.o(.text.osRtxThreadRegPtr)
    osRtxThreadStartup                       0x00000d55   Thumb Code    48  rtx_thread.o(.text.osRtxThreadStartup)
    osRtxThreadSwitch                        0x00000d91   Thumb Code    12  rtx_thread.o(.text.osRtxThreadSwitch)
    osRtxThreadWaitEnter                     0x00000da1   Thumb Code    56  rtx_thread.o(.text.osRtxThreadWaitEnter)
    osRtxThreadWaitExit                      0x00000ddd   Thumb Code    34  rtx_thread.o(.text.osRtxThreadWaitExit)
    osRtxTick_Handler                        0x00000e01   Thumb Code   116  rtx_system.o(.text.osRtxTick_Handler)
    osRtxTimerSetup                          0x00000e79   Thumb Code    24  rtx_timer.o(.text.osRtxTimerSetup)
    osRtxTimerThread                         0x00000e99   Thumb Code    32  rtx_timer.o(.text.osRtxTimerThread)
    osThreadExit                             0x00000f29   Thumb Code     8  rtx_thread.o(.text.osThreadExit)
    osThreadNew                              0x00000f35   Thumb Code    32  rtx_thread.o(.text.osThreadNew)
    osThreadTerminate                        0x00000f59   Thumb Code    32  rtx_thread.o(.text.osThreadTerminate)
    osThreadYield                            0x00000f7d   Thumb Code    32  rtx_thread.o(.text.osThreadYield)
    Free                                     0x00001889   Thumb Code     6  uart.o(i.Free)
    FreeRcv                                  0x00001891   Thumb Code    28  uart.o(i.FreeRcv)
    FreeSnd                                  0x000018b5   Thumb Code    28  uart.o(i.FreeSnd)
    GLCD_Clear                               0x000018d9   Thumb Code    42  glcd_spi_lpc1700.o(i.GLCD_Clear)
    GLCD_DisplayChar                         0x00001905   Thumb Code    84  glcd_spi_lpc1700.o(i.GLCD_DisplayChar)
    GLCD_DisplayString                       0x00001961   Thumb Code    40  glcd_spi_lpc1700.o(i.GLCD_DisplayString)
    GLCD_DrawChar                            0x00001989   Thumb Code   150  glcd_spi_lpc1700.o(i.GLCD_DrawChar)
    GLCD_Init                                0x00001a25   Thumb Code  1506  glcd_spi_lpc1700.o(i.GLCD_Init)
    GLCD_PutPixel                            0x0000200d   Thumb Code   118  glcd_spi_lpc1700.o(i.GLCD_PutPixel)
    GLCD_SetBackColor                        0x0000208d   Thumb Code     6  glcd_spi_lpc1700.o(i.GLCD_SetBackColor)
    GLCD_SetTextColor                        0x00002099   Thumb Code     6  glcd_spi_lpc1700.o(i.GLCD_SetTextColor)
    GLCD_SetWindow                           0x000020a5   Thumb Code   168  glcd_spi_lpc1700.o(i.GLCD_SetWindow)
    GLCD_WindowMax                           0x00002151   Thumb Code    18  glcd_spi_lpc1700.o(i.GLCD_WindowMax)
    SystemInit                               0x00002165   Thumb Code   302  system_lpc17xx.o(i.SystemInit)
    UART0_IRQHandler                         0x000022a5   Thumb Code    88  uart.o(i.UART0_IRQHandler)
    UART1_IRQHandler                         0x0000230d   Thumb Code    90  uart.o(i.UART1_IRQHandler)
    UARTInit                                 0x0000237d   Thumb Code   176  uart.o(i.UARTInit)
    UARTSendChar                             0x00002439   Thumb Code    26  uart.o(i.UARTSendChar)
    __0printf$bare                           0x0000245d   Thumb Code     8  printfb.o(i.__0printf$bare)
    __1printf$bare                           0x0000245d   Thumb Code     0  printfb.o(i.__0printf$bare)
    __2printf                                0x0000245d   Thumb Code     0  printfb.o(i.__0printf$bare)
    __scatterload_copy                       0x0000248f   Thumb Code    14  handlers.o(i.__scatterload_copy)
    __scatterload_null                       0x0000249d   Thumb Code     2  handlers.o(i.__scatterload_null)
    __scatterload_zeroinit                   0x0000249f   Thumb Code    14  handlers.o(i.__scatterload_zeroinit)
    animate                                  0x000024d1   Thumb Code    66  gamelogic.o(i.animate)
    checkCollision                           0x00002521   Thumb Code    64  spece.o(i.checkCollision)
    checkEndGame                             0x00002561   Thumb Code   296  gamelogic.o(i.checkEndGame)
    drawBigPixelAt                           0x000026cf   Thumb Code    44  spece.o(i.drawBigPixelAt)
    fputc                                    0x000026fb   Thumb Code    14  retarget.o(i.fputc)
    getFrequency                             0x00002709   Thumb Code    62  uart.o(i.getFrequency)
    initializeActors                         0x00002751   Thumb Code   392  gamelogic.o(i.initializeActors)
    ledMutex                                 0x00002929   Thumb Code   422  p2_main.o(i.ledMutex)
    main                                     0x00002add   Thumb Code   150  p2_main.o(i.main)
    malloc                                   0x00002bad   Thumb Code    92  malloc.o(i.malloc)
    osRtxErrorNotify                         0x00002c19   Thumb Code    32  rtx_config.o(i.osRtxErrorNotify)
    osRtxIdleThread                          0x00002c39   Thumb Code     4  rtx_config.o(i.osRtxIdleThread)
    printBall                                0x00002c3d   Thumb Code   170  spece.o(i.printBall)
    printCannon                              0x00002ce9   Thumb Code    46  spece.o(i.printCannon)
    printObstacle                            0x00002d21   Thumb Code    36  spece.o(i.printObstacle)
    printSpriteAt                            0x00002d45   Thumb Code    82  spece.o(i.printSpriteAt)
    printStar                                0x00002d97   Thumb Code    36  spece.o(i.printStar)
    readPlayerInput                          0x00002e91   Thumb Code   116  gamelogic.o(i.readPlayerInput)
    sendchar                                 0x00002f0d   Thumb Code    64  retarget.o(i.sendchar)
    Font_6x8_h                               0x00003088   Data         896  glcd_spi_lpc1700.o(.constdata)
    Font_16x24_h                             0x00003408   Data        5376  glcd_spi_lpc1700.o(.constdata)
    Thread_Mutex_attr                        0x00004908   Data          16  p2_main.o(.constdata)
    irqRtxLibRef                             0x00004978   Data           4  rtx_lib.o(.constdata)
    osRtxUserSVC                             0x0000497c   Data           4  rtx_lib.o(.constdata)
    osRtxConfig                              0x00004990   Data         112  rtx_lib.o(.rodata)
    os_cb_sections                           0x00004a00   Data          56  rtx_lib.o(.rodata)
    irqRtxLib                                0x00004a38   Number         0  irq_armv7m.o(.rodata)
    Region$$Table$$Base                      0x00004a48   Number         0  anon$$obj.o(Region$$Table)
    Region$$Table$$Limit                     0x00004a68   Number         0  anon$$obj.o(Region$$Table)
    .bss.os.msgqueue.cb$$Base                0x10001fc0   Number         0  rtx_lib.o(.bss.os.msgqueue.cb)
    .bss.os.msgqueue.cb$$Limit               0x10001ff4   Number         0  rtx_lib.o(.bss.os.msgqueue.cb)
    .bss.os.thread.cb$$Base                  0x10002044   Number         0  rtx_lib.o(.bss.os.thread.cb)
    .bss.os.thread.cb$$Limit                 0x100020cc   Number         0  rtx_lib.o(.bss.os.thread.cb)
    uart_init_called                         0x100024d8   Data           1  retarget.o(.data)
    __stdout                                 0x100024dc   Data           4  retarget.o(.data)
    __stdin                                  0x100024e0   Data           4  retarget.o(.data)
    ITM_RxBuffer                             0x100024e4   Data           4  uart.o(.data)
    UART0Status                              0x100024e8   Data           4  uart.o(.data)
    UART1Status                              0x100024ec   Data           4  uart.o(.data)
    UART0TxEmpty                             0x100024f0   Data           1  uart.o(.data)
    UART1TxEmpty                             0x100024f1   Data           1  uart.o(.data)
    UART0Count                               0x100024f4   Data           4  uart.o(.data)
    UART1Count                               0x100024f8   Data           4  uart.o(.data)
    RcvLock0                                 0x100024fc   Data           1  uart.o(.data)
    SndLock0                                 0x100024fd   Data           1  uart.o(.data)
    RcvLock1                                 0x100024fe   Data           1  uart.o(.data)
    SndLock1                                 0x100024ff   Data           1  uart.o(.data)
    i                                        0x10002500   Data           4  uart.o(.data)
    star                                     0x10002504   Data           4  p2_main.o(.data)
    obstacle                                 0x10002508   Data           8  p2_main.o(.data)
    ball                                     0x10002510   Data           4  p2_main.o(.data)
    cannon                                   0x10002514   Data           4  p2_main.o(.data)
    animateID                                0x10002518   Data           4  p2_main.o(.data)
    readInput                                0x1000251c   Data           4  p2_main.o(.data)
    checkGameOver                            0x10002520   Data           4  p2_main.o(.data)
    mut                                      0x10002524   Data           4  p2_main.o(.data)
    obstacleSprite                           0x10002528   Data           6  gamelogic.o(.data)
    starSprite                               0x1000252e   Data           6  gamelogic.o(.data)
    ballSprite                               0x10002534   Data           6  gamelogic.o(.data)
    launchSprite1                            0x1000253a   Data           6  gamelogic.o(.data)
    launchSprite2                            0x10002540   Data           6  gamelogic.o(.data)
    launchSprite3                            0x10002546   Data           6  gamelogic.o(.data)
    launchSprite4                            0x1000254c   Data           6  gamelogic.o(.data)
    launchSprite5                            0x10002552   Data           6  gamelogic.o(.data)
    launchSprite6                            0x10002558   Data           6  gamelogic.o(.data)
    launchSprite7                            0x1000255e   Data           6  gamelogic.o(.data)
    launchSprite8                            0x10002564   Data           6  gamelogic.o(.data)
    launchSprite9                            0x1000256a   Data           6  gamelogic.o(.data)
    launchSprite10                           0x10002570   Data           6  gamelogic.o(.data)
    cannonStart_x                            0x10002578   Data           4  gamelogic.o(.data)
    cannonStart_y                            0x1000257c   Data           4  gamelogic.o(.data)
    SystemCoreClock                          0x10002580   Data           4  system_lpc17xx.o(.data)
    __microlib_freelist                      0x10002584   Data           4  mvars.o(.data)
    __microlib_freelist_initialised          0x10002588   Data           4  mvars.o(.data)
    osRtxInfo                                0x1000258c   Data         164  rtx_kernel.o(.data.os)
    UART0Buffer                              0x10002630   Data          64  uart.o(.bss)
    UART1Buffer                              0x10002670   Data          64  uart.o(.bss)
    launchSprites                            0x100026b0   Data          40  p2_main.o(.bss)
    __heap_base                              0x100026e0   Data           0  startup_lpc17xx.o(HEAP)
    __heap_limit                             0x100046e0   Data           0  startup_lpc17xx.o(HEAP)
    __initial_sp                             0x100066e0   Data           0  startup_lpc17xx.o(STACK)



==============================================================================

Memory Map of the image

  Image Entry point : 0x000000e1

  Load Region LR_1 (Base: 0x00000000, Size: 0x00007098, Max: 0xffffffff, ABSOLUTE, COMPRESSED[0x00004b0c])

    Execution Region ER_RO (Exec base: 0x00000000, Load base: 0x00000000, Size: 0x00004a68, Max: 0xffffffff, ABSOLUTE)

    Exec Addr    Load Addr    Size         Type   Attr      Idx    E Section Name        Object

    0x00000000   0x00000000   0x000000cc   Data   RO          746    RESET               startup_lpc17xx.o
    0x000000cc   0x000000cc   0x00000000   Code   RO         1276  * .ARM.Collect$$$$00000000  mc_w.l(entry.o)
    0x000000cc   0x000000cc   0x00000004   Code   RO         1575    .ARM.Collect$$$$00000001  mc_w.l(entry2.o)
    0x000000d0   0x000000d0   0x00000004   Code   RO         1578    .ARM.Collect$$$$00000004  mc_w.l(entry5.o)
    0x000000d4   0x000000d4   0x00000000   Code   RO         1580    .ARM.Collect$$$$00000008  mc_w.l(entry7b.o)
    0x000000d4   0x000000d4   0x00000000   Code   RO         1582    .ARM.Collect$$$$0000000A  mc_w.l(entry8b.o)
    0x000000d4   0x000000d4   0x00000008   Code   RO         1583    .ARM.Collect$$$$0000000B  mc_w.l(entry9a.o)
    0x000000dc   0x000000dc   0x00000000   Code   RO         1585    .ARM.Collect$$$$0000000D  mc_w.l(entry10a.o)
    0x000000dc   0x000000dc   0x00000000   Code   RO         1587    .ARM.Collect$$$$0000000F  mc_w.l(entry11a.o)
    0x000000dc   0x000000dc   0x00000004   Code   RO         1576    .ARM.Collect$$$$00002712  mc_w.l(entry2.o)
    0x000000e0   0x000000e0   0x00000024   Code   RO          748  * .text               startup_lpc17xx.o
    0x00000104   0x00000104   0x00000094   Code   RO         1102    .text               RTX_CM3.lib(irq_armv7m.o)
    0x00000198   0x00000198   0x00000024   Code   RO         1281    .text               mc_w.l(memcpya.o)
    0x000001bc   0x000001bc   0x00000024   Code   RO         1283    .text               mc_w.l(memseta.o)
    0x000001e0   0x000001e0   0x00000024   Code   RO         1608    .text               mc_w.l(init.o)
    0x00000204   0x00000204   0x00000056   Code   RO         1622    .text               mc_w.l(__dczerorl2.o)
    0x0000025a   0x0000025a   0x00000040   Code   RO         1218    .text.MessageQueueGet  RTX_CM3.lib(rtx_msgqueue.o)
    0x0000029a   0x0000029a   0x00000058   Code   RO         1212    .text.MessageQueuePut  RTX_CM3.lib(rtx_msgqueue.o)
    0x000002f2   0x000002f2   0x00000006   Code   RO         1258    .text.OS_Tick_GetIRQn  RTX_CM3.lib(os_systick.o)
    0x000002f8   0x000002f8   0x00000004   Code   RO          793    .text.osRtxKernelErrorNotify  RTX_CM3.lib(rtx_kernel.o)
    0x000002fc   0x000002fc   0x00000004   Code   RO          747    .ARM.__at_0x02FC    startup_lpc17xx.o
    0x00000300   0x00000300   0x0000001c   Code   RO         1210    .text.MessageQueueRemove  RTX_CM3.lib(rtx_msgqueue.o)
    0x0000031c   0x0000031c   0x0000000c   Code   RO         1256    .text.OS_Tick_AcknowledgeIRQ  RTX_CM3.lib(os_systick.o)
    0x00000328   0x00000328   0x0000002c   Code   RO         1252    .text.OS_Tick_Enable  RTX_CM3.lib(os_systick.o)
    0x00000354   0x00000354   0x00000040   Code   RO         1250    .text.OS_Tick_Setup  RTX_CM3.lib(os_systick.o)
    0x00000394   0x00000394   0x0000000c   Code   RO          849    .text.OUTLINED_FUNCTION_0  RTX_CM3.lib(rtx_kernel.o)
    0x000003a0   0x000003a0   0x00000006   Code   RO          991    .text.OUTLINED_FUNCTION_0  RTX_CM3.lib(rtx_thread.o)
    0x000003a6   0x000003a6   0x0000000c   Code   RO         1226    .text.OUTLINED_FUNCTION_0  RTX_CM3.lib(rtx_msgqueue.o)
    0x000003b2   0x000003b2   0x00000006   Code   RO          851    .text.OUTLINED_FUNCTION_1  RTX_CM3.lib(rtx_kernel.o)
    0x000003b8   0x000003b8   0x00000006   Code   RO          993    .text.OUTLINED_FUNCTION_1  RTX_CM3.lib(rtx_thread.o)
    0x000003be   0x000003be   0x00000014   Code   RO          995    .text.OUTLINED_FUNCTION_2  RTX_CM3.lib(rtx_thread.o)
    0x000003d2   0x000003d2   0x00000008   Code   RO          999    .text.OUTLINED_FUNCTION_4  RTX_CM3.lib(rtx_thread.o)
    0x000003da   0x000003da   0x00000064   Code   RO          943    .text.ThreadFlagsCheck  RTX_CM3.lib(rtx_thread.o)
    0x0000043e   0x0000043e   0x00000002   PAD
    0x00000440   0x00000440   0x00000048   Code   RO         1043    .text.TimerInsert   RTX_CM3.lib(rtx_timer.o)
    0x00000488   0x00000488   0x00000024   Code   RO         1009    .text.osDelay       RTX_CM3.lib(rtx_delay.o)
    0x000004ac   0x000004ac   0x0000002c   Code   RO          795    .text.osKernelInitialize  RTX_CM3.lib(rtx_kernel.o)
    0x000004d8   0x000004d8   0x00000024   Code   RO          805    .text.osKernelStart  RTX_CM3.lib(rtx_kernel.o)
    0x000004fc   0x000004fc   0x00000070   Code   RO         1186    .text.osMessageQueueGet  RTX_CM3.lib(rtx_msgqueue.o)
    0x0000056c   0x0000056c   0x00000080   Code   RO         1184    .text.osMessageQueuePut  RTX_CM3.lib(rtx_msgqueue.o)
    0x000005ec   0x000005ec   0x00000024   Code   RO         1075    .text.osMutexAcquire  RTX_CM3.lib(rtx_mutex.o)
    0x00000610   0x00000610   0x00000024   Code   RO         1071    .text.osMutexNew    RTX_CM3.lib(rtx_mutex.o)
    0x00000634   0x00000634   0x00000024   Code   RO         1077    .text.osMutexRelease  RTX_CM3.lib(rtx_mutex.o)
    0x00000658   0x00000658   0x00000002   Code   RO          791    .text.osRtxKernelPreInit  RTX_CM3.lib(rtx_kernel.o)
    0x0000065a   0x0000065a   0x0000006c   Code   RO         1112    .text.osRtxMemoryAlloc  RTX_CM3.lib(rtx_memory.o)
    0x000006c6   0x000006c6   0x00000042   Code   RO         1114    .text.osRtxMemoryFree  RTX_CM3.lib(rtx_memory.o)
    0x00000708   0x00000708   0x00000036   Code   RO         1110    .text.osRtxMemoryInit  RTX_CM3.lib(rtx_memory.o)
    0x0000073e   0x0000073e   0x0000003a   Code   RO         1126    .text.osRtxMemoryPoolAlloc  RTX_CM3.lib(rtx_mempool.o)
    0x00000778   0x00000778   0x0000004a   Code   RO         1128    .text.osRtxMemoryPoolFree  RTX_CM3.lib(rtx_mempool.o)
    0x000007c2   0x000007c2   0x00000038   Code   RO         1124    .text.osRtxMemoryPoolInit  RTX_CM3.lib(rtx_mempool.o)
    0x000007fa   0x000007fa   0x000000aa   Code   RO         1208    .text.osRtxMessageQueuePostProcess  RTX_CM3.lib(rtx_msgqueue.o)
    0x000008a4   0x000008a4   0x00000028   Code   RO         1176    .text.osRtxMessageQueueTimerSetup  RTX_CM3.lib(rtx_msgqueue.o)
    0x000008cc   0x000008cc   0x00000048   Code   RO         1067    .text.osRtxMutexOwnerRelease  RTX_CM3.lib(rtx_mutex.o)
    0x00000914   0x00000914   0x00000042   Code   RO         1069    .text.osRtxMutexOwnerRestore  RTX_CM3.lib(rtx_mutex.o)
    0x00000956   0x00000956   0x00000002   PAD
    0x00000958   0x00000958   0x0000008c   Code   RO         1238    .text.osRtxPendSV_Handler  RTX_CM3.lib(rtx_system.o)
    0x000009e4   0x000009e4   0x00000074   Code   RO         1240    .text.osRtxPostProcess  RTX_CM3.lib(rtx_system.o)
    0x00000a58   0x00000a58   0x00000038   Code   RO          883    .text.osRtxThreadBlock  RTX_CM3.lib(rtx_thread.o)
    0x00000a90   0x00000a90   0x00000080   Code   RO          891    .text.osRtxThreadDelayInsert  RTX_CM3.lib(rtx_thread.o)
    0x00000b10   0x00000b10   0x00000040   Code   RO          887    .text.osRtxThreadDelayRemove  RTX_CM3.lib(rtx_thread.o)
    0x00000b50   0x00000b50   0x0000004c   Code   RO          873    .text.osRtxThreadDelayTick  RTX_CM3.lib(rtx_thread.o)
    0x00000b9c   0x00000b9c   0x00000024   Code   RO          975    .text.osRtxThreadDestroy  RTX_CM3.lib(rtx_thread.o)
    0x00000bc0   0x00000bc0   0x00000054   Code   RO          881    .text.osRtxThreadDispatch  RTX_CM3.lib(rtx_thread.o)
    0x00000c14   0x00000c14   0x00000058   Code   RO          967    .text.osRtxThreadFree  RTX_CM3.lib(rtx_thread.o)
    0x00000c6c   0x00000c6c   0x0000001e   Code   RO          973    .text.osRtxThreadJoinWakeup  RTX_CM3.lib(rtx_thread.o)
    0x00000c8a   0x00000c8a   0x00000012   Code   RO          865    .text.osRtxThreadListGet  RTX_CM3.lib(rtx_thread.o)
    0x00000c9c   0x00000c9c   0x0000002c   Code   RO          863    .text.osRtxThreadListPut  RTX_CM3.lib(rtx_thread.o)
    0x00000cc8   0x00000cc8   0x00000014   Code   RO          869    .text.osRtxThreadListRemove  RTX_CM3.lib(rtx_thread.o)
    0x00000cdc   0x00000cdc   0x0000000c   Code   RO          875    .text.osRtxThreadListRoot  RTX_CM3.lib(rtx_thread.o)
    0x00000ce8   0x00000ce8   0x00000026   Code   RO          867    .text.osRtxThreadListSort  RTX_CM3.lib(rtx_thread.o)
    0x00000d0e   0x00000d0e   0x00000028   Code   RO          941    .text.osRtxThreadPostProcess  RTX_CM3.lib(rtx_thread.o)
    0x00000d36   0x00000d36   0x00000002   PAD
    0x00000d38   0x00000d38   0x00000014   Code   RO          871    .text.osRtxThreadReadyPut  RTX_CM3.lib(rtx_thread.o)
    0x00000d4c   0x00000d4c   0x00000006   Code   RO          877    .text.osRtxThreadRegPtr  RTX_CM3.lib(rtx_thread.o)
    0x00000d52   0x00000d52   0x00000002   PAD
    0x00000d54   0x00000d54   0x0000003c   Code   RO          893    .text.osRtxThreadStartup  RTX_CM3.lib(rtx_thread.o)
    0x00000d90   0x00000d90   0x00000010   Code   RO          879    .text.osRtxThreadSwitch  RTX_CM3.lib(rtx_thread.o)
    0x00000da0   0x00000da0   0x0000003c   Code   RO          889    .text.osRtxThreadWaitEnter  RTX_CM3.lib(rtx_thread.o)
    0x00000ddc   0x00000ddc   0x00000022   Code   RO          885    .text.osRtxThreadWaitExit  RTX_CM3.lib(rtx_thread.o)
    0x00000dfe   0x00000dfe   0x00000002   PAD
    0x00000e00   0x00000e00   0x00000078   Code   RO         1236    .text.osRtxTick_Handler  RTX_CM3.lib(rtx_system.o)
    0x00000e78   0x00000e78   0x00000020   Code   RO         1025    .text.osRtxTimerSetup  RTX_CM3.lib(rtx_timer.o)
    0x00000e98   0x00000e98   0x00000020   Code   RO         1029    .text.osRtxTimerThread  RTX_CM3.lib(rtx_timer.o)
    0x00000eb8   0x00000eb8   0x00000070   Code   RO         1027    .text.osRtxTimerTick  RTX_CM3.lib(rtx_timer.o)
    0x00000f28   0x00000f28   0x0000000c   Code   RO          925    .text.osThreadExit  RTX_CM3.lib(rtx_thread.o)
    0x00000f34   0x00000f34   0x00000024   Code   RO          897    .text.osThreadNew   RTX_CM3.lib(rtx_thread.o)
    0x00000f58   0x00000f58   0x00000024   Code   RO          927    .text.osThreadTerminate  RTX_CM3.lib(rtx_thread.o)
    0x00000f7c   0x00000f7c   0x00000024   Code   RO          915    .text.osThreadYield  RTX_CM3.lib(rtx_thread.o)
    0x00000fa0   0x00000fa0   0x00000016   Code   RO         1013    .text.svcRtxDelay   RTX_CM3.lib(rtx_delay.o)
    0x00000fb6   0x00000fb6   0x00000002   PAD
    0x00000fb8   0x00000fb8   0x00000100   Code   RO          833    .text.svcRtxKernelInitialize  RTX_CM3.lib(rtx_kernel.o)
    0x000010b8   0x000010b8   0x00000088   Code   RO          835    .text.svcRtxKernelStart  RTX_CM3.lib(rtx_kernel.o)
    0x00001140   0x00001140   0x000000d8   Code   RO         1220    .text.svcRtxMessageQueueGet  RTX_CM3.lib(rtx_msgqueue.o)
    0x00001218   0x00001218   0x00000118   Code   RO         1178    .text.svcRtxMessageQueueNew  RTX_CM3.lib(rtx_msgqueue.o)
    0x00001330   0x00001330   0x000000b4   Code   RO         1216    .text.svcRtxMessageQueuePut  RTX_CM3.lib(rtx_msgqueue.o)
    0x000013e4   0x000013e4   0x00000090   Code   RO         1087    .text.svcRtxMutexAcquire  RTX_CM3.lib(rtx_mutex.o)
    0x00001474   0x00001474   0x00000068   Code   RO         1083    .text.svcRtxMutexNew  RTX_CM3.lib(rtx_mutex.o)
    0x000014dc   0x000014dc   0x000000b4   Code   RO         1089    .text.svcRtxMutexRelease  RTX_CM3.lib(rtx_mutex.o)
    0x00001590   0x00001590   0x0000004c   Code   RO          971    .text.svcRtxThreadExit  RTX_CM3.lib(rtx_thread.o)
    0x000015dc   0x000015dc   0x000001ec   Code   RO          895    .text.svcRtxThreadNew  RTX_CM3.lib(rtx_thread.o)
    0x000017c8   0x000017c8   0x00000088   Code   RO          977    .text.svcRtxThreadTerminate  RTX_CM3.lib(rtx_thread.o)
    0x00001850   0x00001850   0x00000038   Code   RO          957    .text.svcRtxThreadYield  RTX_CM3.lib(rtx_thread.o)
    0x00001888   0x00001888   0x00000006   Code   RO          395    i.Free              uart.o
    0x0000188e   0x0000188e   0x00000002   PAD
    0x00001890   0x00001890   0x00000024   Code   RO          396    i.FreeRcv           uart.o
    0x000018b4   0x000018b4   0x00000024   Code   RO          397    i.FreeSnd           uart.o
    0x000018d8   0x000018d8   0x0000002a   Code   RO          144    i.GLCD_Clear        glcd_spi_lpc1700.o
    0x00001902   0x00001902   0x00000002   PAD
    0x00001904   0x00001904   0x0000005c   Code   RO          146    i.GLCD_DisplayChar  glcd_spi_lpc1700.o
    0x00001960   0x00001960   0x00000028   Code   RO          147    i.GLCD_DisplayString  glcd_spi_lpc1700.o
    0x00001988   0x00001988   0x0000009c   Code   RO          148    i.GLCD_DrawChar     glcd_spi_lpc1700.o
    0x00001a24   0x00001a24   0x000005e8   Code   RO          149    i.GLCD_Init         glcd_spi_lpc1700.o
    0x0000200c   0x0000200c   0x00000080   Code   RO          150    i.GLCD_PutPixel     glcd_spi_lpc1700.o
    0x0000208c   0x0000208c   0x0000000c   Code   RO          152    i.GLCD_SetBackColor  glcd_spi_lpc1700.o
    0x00002098   0x00002098   0x0000000c   Code   RO          153    i.GLCD_SetTextColor  glcd_spi_lpc1700.o
    0x000020a4   0x000020a4   0x000000ac   Code   RO          154    i.GLCD_SetWindow    glcd_spi_lpc1700.o
    0x00002150   0x00002150   0x00000012   Code   RO          155    i.GLCD_WindowMax    glcd_spi_lpc1700.o
    0x00002162   0x00002162   0x00000002   PAD
    0x00002164   0x00002164   0x00000140   Code   RO          758    i.SystemInit        system_lpc17xx.o
    0x000022a4   0x000022a4   0x00000068   Code   RO          401    i.UART0_IRQHandler  uart.o
    0x0000230c   0x0000230c   0x00000070   Code   RO          402    i.UART1_IRQHandler  uart.o
    0x0000237c   0x0000237c   0x000000bc   Code   RO          403    i.UARTInit          uart.o
    0x00002438   0x00002438   0x00000024   Code   RO          407    i.UARTSendChar      uart.o
    0x0000245c   0x0000245c   0x00000010   Code   RO         1288    i.__0printf$bare    mc_w.l(printfb.o)
    0x0000246c   0x0000246c   0x00000022   Code   RO          408    i.__NVIC_EnableIRQ  uart.o
    0x0000248e   0x0000248e   0x0000000e   Code   RO         1616    i.__scatterload_copy  mc_w.l(handlers.o)
    0x0000249c   0x0000249c   0x00000002   Code   RO         1617    i.__scatterload_null  mc_w.l(handlers.o)
    0x0000249e   0x0000249e   0x0000000e   Code   RO         1618    i.__scatterload_zeroinit  mc_w.l(handlers.o)
    0x000024ac   0x000024ac   0x00000022   Code   RO         1295    i._printf_core      mc_w.l(printfb.o)
    0x000024ce   0x000024ce   0x00000002   PAD
    0x000024d0   0x000024d0   0x00000050   Code   RO          619    i.animate           gamelogic.o
    0x00002520   0x00002520   0x00000040   Code   RO          568    i.checkCollision    spece.o
    0x00002560   0x00002560   0x00000160   Code   RO          620    i.checkEndGame      gamelogic.o
    0x000026c0   0x000026c0   0x0000000e   Code   RO          158    i.delay             glcd_spi_lpc1700.o
    0x000026ce   0x000026ce   0x0000002c   Code   RO          569    i.drawBigPixelAt    spece.o
    0x000026fa   0x000026fa   0x0000000e   Code   RO          332    i.fputc             retarget.o
    0x00002708   0x00002708   0x00000048   Code   RO          409    i.getFrequency      uart.o
    0x00002750   0x00002750   0x000001d8   Code   RO          621    i.initializeActors  gamelogic.o
    0x00002928   0x00002928   0x000001b4   Code   RO          509    i.ledMutex          p2_main.o
    0x00002adc   0x00002adc   0x000000d0   Code   RO          510    i.main              p2_main.o
    0x00002bac   0x00002bac   0x0000006c   Code   RO         1548    i.malloc            mc_w.l(malloc.o)
    0x00002c18   0x00002c18   0x00000020   Code   RO          713    i.osRtxErrorNotify  rtx_config.o
    0x00002c38   0x00002c38   0x00000004   Code   RO          714    i.osRtxIdleThread   rtx_config.o
    0x00002c3c   0x00002c3c   0x000000aa   Code   RO          570    i.printBall         spece.o
    0x00002ce6   0x00002ce6   0x00000002   PAD
    0x00002ce8   0x00002ce8   0x00000038   Code   RO          571    i.printCannon       spece.o
    0x00002d20   0x00002d20   0x00000024   Code   RO          572    i.printObstacle     spece.o
    0x00002d44   0x00002d44   0x00000052   Code   RO          573    i.printSpriteAt     spece.o
    0x00002d96   0x00002d96   0x00000024   Code   RO          574    i.printStar         spece.o
    0x00002dba   0x00002dba   0x00000002   PAD
    0x00002dbc   0x00002dbc   0x0000008c   Code   RO          159    i.rd_id_man         glcd_spi_lpc1700.o
    0x00002e48   0x00002e48   0x00000048   Code   RO          160    i.rd_reg            glcd_spi_lpc1700.o
    0x00002e90   0x00002e90   0x0000007c   Code   RO          622    i.readPlayerInput   gamelogic.o
    0x00002f0c   0x00002f0c   0x00000044   Code   RO          334    i.sendchar          retarget.o
    0x00002f50   0x00002f50   0x00000020   Code   RO          161    i.spi_tran          glcd_spi_lpc1700.o
    0x00002f70   0x00002f70   0x00000080   Code   RO          162    i.spi_tran_man      glcd_spi_lpc1700.o
    0x00002ff0   0x00002ff0   0x00000028   Code   RO          163    i.wr_cmd            glcd_spi_lpc1700.o
    0x00003018   0x00003018   0x00000028   Code   RO          164    i.wr_dat            glcd_spi_lpc1700.o
    0x00003040   0x00003040   0x00000012   Code   RO          165    i.wr_dat_only       glcd_spi_lpc1700.o
    0x00003052   0x00003052   0x00000002   PAD
    0x00003054   0x00003054   0x00000014   Code   RO          166    i.wr_dat_start      glcd_spi_lpc1700.o
    0x00003068   0x00003068   0x0000000c   Code   RO          167    i.wr_dat_stop       glcd_spi_lpc1700.o
    0x00003074   0x00003074   0x00000014   Code   RO          168    i.wr_reg            glcd_spi_lpc1700.o
    0x00003088   0x00003088   0x00001880   Data   RO          169    .constdata          glcd_spi_lpc1700.o
    0x00004908   0x00004908   0x00000010   Data   RO          512    .constdata          p2_main.o
    0x00004918   0x00004918   0x00000068   Data   RO          671    .constdata          rtx_lib.o
    0x00004980   0x00004980   0x0000000e   Data   RO          513    .conststring        p2_main.o
    0x0000498e   0x0000498e   0x00000002   PAD
    0x00004990   0x00004990   0x000000a8   Data   RO          672    .rodata             rtx_lib.o
    0x00004a38   0x00004a38   0x00000001   Data   RO         1103    .rodata             RTX_CM3.lib(irq_armv7m.o)
    0x00004a39   0x00004a39   0x00000003   PAD
    0x00004a3c   0x00004a3c   0x0000000b   Data   RO          853    .rodata.str1.4      RTX_CM3.lib(rtx_kernel.o)
    0x00004a47   0x00004a47   0x00000001   PAD
    0x00004a48   0x00004a48   0x00000020   Data   RO         1614    Region$$Table       anon$$obj.o


    Execution Region ER_RW (Exec base: 0x10000000, Load base: 0x00004a68, Size: 0x00002630, Max: 0xffffffff, ABSOLUTE, COMPRESSED[0x000000a4])

    Exec Addr    Load Addr    Size         Type   Attr      Idx    E Section Name        Object

    0x10000000   COMPRESSED   0x00001fc0   Data   RW          665    .bss.os             rtx_lib.o
    0x10001fc0   COMPRESSED   0x00000034   Data   RW          666    .bss.os.msgqueue.cb  rtx_lib.o
    0x10001ff4   COMPRESSED   0x00000050   Data   RW          667    .bss.os.msgqueue.mem  rtx_lib.o
    0x10002044   COMPRESSED   0x00000088   Data   RW          668    .bss.os.thread.cb   rtx_lib.o
    0x100020cc   COMPRESSED   0x00000004   PAD
    0x100020d0   COMPRESSED   0x00000200   Data   RW          669    .bss.os.thread.idle.stack  rtx_lib.o
    0x100022d0   COMPRESSED   0x00000200   Data   RW          670    .bss.os.thread.timer.stack  rtx_lib.o
    0x100024d0   COMPRESSED   0x00000005   Data   RW          170    .data               glcd_spi_lpc1700.o
    0x100024d5   COMPRESSED   0x00000003   PAD
    0x100024d8   COMPRESSED   0x0000000c   Data   RW          335    .data               retarget.o
    0x100024e4   COMPRESSED   0x00000020   Data   RW          411    .data               uart.o
    0x10002504   COMPRESSED   0x00000024   Data   RW          514    .data               p2_main.o
    0x10002528   COMPRESSED   0x00000058   Data   RW          623    .data               gamelogic.o
    0x10002580   COMPRESSED   0x00000004   Data   RW          759    .data               system_lpc17xx.o
    0x10002584   COMPRESSED   0x00000004   Data   RW         1595    .data               mc_w.l(mvars.o)
    0x10002588   COMPRESSED   0x00000004   Data   RW         1596    .data               mc_w.l(mvars.o)
    0x1000258c   COMPRESSED   0x000000a4   Data   RW          854    .data.os            RTX_CM3.lib(rtx_kernel.o)


    Execution Region ER_ZI (Exec base: 0x10002630, Load base: 0x00004b0c, Size: 0x000040b0, Max: 0xffffffff, ABSOLUTE)

    Exec Addr    Load Addr    Size         Type   Attr      Idx    E Section Name        Object

    0x10002630        -       0x00000080   Zero   RW          410    .bss                uart.o
    0x100026b0        -       0x00000028   Zero   RW          511    .bss                p2_main.o
    0x100026d8        -       0x00000001   Zero   RW         1268    .bss.os             RTX_CM3.lib(os_systick.o)
    0x100026d9   0x00004b0c   0x00000007   PAD
    0x100026e0        -       0x00002000   Zero   RW          745    HEAP                startup_lpc17xx.o
    0x100046e0        -       0x00002000   Zero   RW          744    STACK               startup_lpc17xx.o


==============================================================================

Image component sizes


      Code (inc. data)   RO Data    RW Data    ZI Data      Debug   Object Name

      1028        158          0         88          0       3634   gamelogic.o
         0          0          0          0          0       4556   glcd_scroll.o
      2720        104       6272          5          0      30717   glcd_spi_lpc1700.o
       644         72         30         36         40       6696   p2_main.o
        82          4          0         12          0       2874   retarget.o
        36          6          0          0          0        965   rtx_config.o
         0          0        272       9420          0       9058   rtx_lib.o
       488         10          0          0          0       4400   spece.o
        40         12        204          0      16384       1004   startup_lpc17xx.o
       320         18          0          4          0        819   system_lpc17xx.o
       624         86          0         32        128       5739   uart.o

    ----------------------------------------------------------------------
      5994        470       6812       9604      16552      70462   Object Totals
         0          0         32          0          0          0   (incl. Generated)
        12          0          2          7          0          0   (incl. Padding)

    ----------------------------------------------------------------------

      Code (inc. data)   RO Data    RW Data    ZI Data      Debug   Library Member Name

       148          8          1          0          0        591   irq_armv7m.o
       126         32          0          0          1       3197   os_systick.o
        58          4          0          0          0       2791   rtx_delay.o
       496         36         11        164          0      16501   rtx_kernel.o
       228          0          0          0          0       2537   rtx_memory.o
       188          0          0          0          0      16008   rtx_mempool.o
      1318         32          0          0          0      18657   rtx_msgqueue.o
       674         24          0          0          0       9962   rtx_mutex.o
       376         26          0          0          0       5296   rtx_system.o
      1950        100          0          0          0      31735   rtx_thread.o
       248         16          0          0          0      10397   rtx_timer.o
        86          0          0          0          0          0   __dczerorl2.o
         0          0          0          0          0          0   entry.o
         0          0          0          0          0          0   entry10a.o
         0          0          0          0          0          0   entry11a.o
         8          4          0          0          0          0   entry2.o
         4          0          0          0          0          0   entry5.o
         0          0          0          0          0          0   entry7b.o
         0          0          0          0          0          0   entry8b.o
         8          4          0          0          0          0   entry9a.o
        30          0          0          0          0          0   handlers.o
        36          8          0          0          0         68   init.o
       108         16          0          0          0         84   malloc.o
        36          0          0          0          0         68   memcpya.o
        36          0          0          0          0        108   memseta.o
         0          0          0          8          0          0   mvars.o
        50          8          0          0          0        152   printfb.o

    ----------------------------------------------------------------------
      6226        318         16        172          8     118152   Library Totals
        14          0          4          0          7          0   (incl. Padding)

    ----------------------------------------------------------------------

      Code (inc. data)   RO Data    RW Data    ZI Data      Debug   Library Name

      5810        278         12        164          1     117672   RTX_CM3.lib
       402         40          0          8          0        480   mc_w.l

    ----------------------------------------------------------------------
      6226        318         16        172          8     118152   Library Totals

    ----------------------------------------------------------------------

==============================================================================


      Code (inc. data)   RO Data    RW Data    ZI Data      Debug   

     12220        788       6828       9776      16560     186154   Grand Totals
     12220        788       6828        164      16560     186154   ELF Image Totals (compressed)
     12220        788       6828        164          0          0   ROM Totals

==============================================================================

    Total RO  Size (Code + RO Data)                19048 (  18.60kB)
    Total RW  Size (RW Data + ZI Data)             26336 (  25.72kB)
    Total ROM Size (Code + RO Data + RW Data)      19212 (  18.76kB)

==============================================================================

